Microchip MPLAB XC8 Compiler V2.10 ()

Linker command line:

-W-3 --edf=C:\Program Files (x86)\Microchip\xc8\v2.10\pic\dat\en_msgs.txt \
  -cs -h+dist/default/production\Laboratorio1.X.production.sym \
  --cmf=dist/default/production\Laboratorio1.X.production.cmf -z -Q18F452 \
  -oC:\Users\user\AppData\Local\Temp\sfdk.2 --defsym=__MPLAB_BUILD=1 \
  -Mdist/default/production/Laboratorio1.X.production.map -E1 -ver=XC8 \
  --acfsm=1493 -ASTACK=080h-05FFh -pstack=STACK -ACODE=00h-03FFFhx2 \
  -ACONST=00h-07FFFh -ASMALLCONST=0600h-06FFhx122 \
  -AMEDIUMCONST=0600h-07FFFh -ACOMRAM=01h-07Fh -AABS1=00h-05FFh \
  -ABIGRAM=01h-05FFh -ARAM=080h-0FFh,0100h-01FFhx5 -ABANK0=080h-0FFh \
  -ABANK1=0100h-01FFh -ABANK2=0200h-02FFh -ABANK3=0300h-03FFh \
  -ABANK4=0400h-04FFh -ABANK5=0500h-05FFh -ASFR=0F80h-0FFFh \
  -preset_vec=00h,intcode,intcodelo,powerup,init -pramtop=0600h \
  -psmallconst=SMALLCONST -pmediumconst=MEDIUMCONST -pconst=CONST \
  -AFARRAM=00h-00h -ACONFIG=0300000h-030000Dh -pconfig=CONFIG \
  -AIDLOC=0200000h-0200007h -pidloc=IDLOC -AEEDATA=0F00000h-0F000FFh \
  -peeprom_data=EEDATA \
  -prdata=COMRAM,nvrram=COMRAM,nvbit=COMRAM,rbss=COMRAM,rbit=COMRAM \
  -pfarbss=FARRAM,fardata=FARRAM,nvFARRAM=FARRAM \
  -pintsave_regs=BIGRAM,bigbss=BIGRAM,bigdata=BIGRAM -pbss=RAM \
  -pidata=CODE,irdata=CODE,ibigdata=CODE,ifardata=CODE -prparam=COMRAM \
  C:\Users\user\AppData\Local\Temp\sfdk.o \
  dist/default/production\Laboratorio1.X.production.o 

Object code version is 3.11

Machine type is 18F452

Call graph: (short form)




                Name                               Link     Load   Length Selector   Space Scale
C:\Users\user\AppData\Local\Temp\sfdk.o
                text                               39BC     39BC        2     1CDE       0
                init                                  2        2        4        0       0
                reset_vec                             0        0        2        0       0
                idloc                            200000   200000        8   200000       0
                config                           300000   300000        E   300000       0
dist/default/production\Laboratorio1.X.production.o
                text17                             3AAC     3AAC       38     1D56       0
                text16                             3C6A     3C6A       76     1E35       0
                text15                             3A34     3A34       1A     1D1A       0
                text14                             39D0     39D0       14     1CE8       0
                text13                             39E4     39E4       14     1CF2       0
                text12                             3A4E     3A4E       1A     1D27       0
                text11                             3B22     3B22       42     1D91       0
                text10                             3A68     3A68       1A     1D34       0
                text9                              3AE4     3AE4       3E     1D72       0
                text8                              39F8     39F8       14     1CFC       0
                text7                              3A0C     3A0C       14     1D06       0
                text6                              39BE     39BE       12     1CDF       0
                text5                              3A20     3A20       14     1D10       0
                text4                              3E66     3E66      19A     1F33       0
                text3                              3B64     3B64       42     1DB2       0
                text2                              3BF8     3BF8       72     1DFC       0
                text1                              3CE0     3CE0       BC     1E70       0
                text0                              3D9C     3D9C       CA     1ECE       0
                cstackCOMRAM                         52       52       1C        1       1
                dataCOMRAM                            1        1       51        1       1
                cinit                              3A82     3A82       2A     1D41       0
                nvCOMRAM                             6E       6E        5        1       1
                idataCOMRAM                        3BA7     3BA7       51     3BA7       0

TOTAL           Name                               Link     Load   Length     Space
        CLASS   STACK          

        CLASS   CODE           
                text                               39BC     39BC        2         0
                init                                  2        2        4         0
                reset_vec                             0        0        2         0
                text17                             3AAC     3AAC       38         0
                text16                             3C6A     3C6A       76         0
                text15                             3A34     3A34       1A         0
                text14                             39D0     39D0       14         0
                text13                             39E4     39E4       14         0
                text12                             3A4E     3A4E       1A         0
                text11                             3B22     3B22       42         0
                text10                             3A68     3A68       1A         0
                text9                              3AE4     3AE4       3E         0
                text8                              39F8     39F8       14         0
                text7                              3A0C     3A0C       14         0
                text6                              39BE     39BE       12         0
                text5                              3A20     3A20       14         0
                text4                              3E66     3E66      19A         0
                text3                              3B64     3B64       42         0
                text2                              3BF8     3BF8       72         0
                text1                              3CE0     3CE0       BC         0
                text0                              3D9C     3D9C       CA         0
                cinit                              3A82     3A82       2A         0
                idataCOMRAM                        3BA7     3BA7       51         0

        CLASS   CONST          

        CLASS   SMALLCONST     

        CLASS   MEDIUMCONST    

        CLASS   COMRAM         
                cstackCOMRAM                         52       52       1C         1
                dataCOMRAM                            1        1       51         1
                nvCOMRAM                             6E       6E        5         1

        CLASS   ABS1           

        CLASS   BIGRAM         

        CLASS   RAM            

        CLASS   BANK0          

        CLASS   BANK1          

        CLASS   BANK2          

        CLASS   BANK3          

        CLASS   BANK4          

        CLASS   BANK5          

        CLASS   SFR            

        CLASS   FARRAM         

        CLASS   CONFIG         
                config                           300000   300000        E         0

        CLASS   IDLOC          
                idloc                            200000   200000        8         0

        CLASS   EEDATA         



SEGMENTS        Name                           Load    Length   Top    Selector   Space  Class

                reset_vec                      000000  000006  000006         0       0  CODE    
                dataCOMRAM                     000001  000072  000073         1       1  COMRAM  
                text                           0039BC  000002  0039BE      1CDE       0  CODE    
                text6                          0039BE  000012  0039D0      1CDF       0  CODE    
                text14                         0039D0  000014  0039E4      1CE8       0  CODE    
                text13                         0039E4  000014  0039F8      1CF2       0  CODE    
                text8                          0039F8  000014  003A0C      1CFC       0  CODE    
                text7                          003A0C  000014  003A20      1D06       0  CODE    
                text5                          003A20  000014  003A34      1D10       0  CODE    
                text15                         003A34  00001A  003A4E      1D1A       0  CODE    
                text12                         003A4E  00001A  003A68      1D27       0  CODE    
                text10                         003A68  00001A  003A82      1D34       0  CODE    
                cinit                          003A82  00002A  003AAC      1D41       0  CODE    
                text17                         003AAC  000038  003AE4      1D56       0  CODE    
                text9                          003AE4  00003E  003B22      1D72       0  CODE    
                text11                         003B22  000042  003B64      1D91       0  CODE    
                text3                          003B64  000042  003BA6      1DB2       0  CODE    
                idataCOMRAM                    003BA7  000051  003BF8      3BA7       0  CODE    
                text2                          003BF8  000072  003C6A      1DFC       0  CODE    
                text16                         003C6A  000076  003CE0      1E35       0  CODE    
                text1                          003CE0  0000BC  003D9C      1E70       0  CODE    
                text0                          003D9C  0000CA  003E66      1ECE       0  CODE    
                text4                          003E66  00019A  004000      1F33       0  CODE    
                idloc                          200000  000008  200008    200000       0  IDLOC   
                config                         300000  00000E  30000E    300000       0  CONFIG  


UNUSED ADDRESS RANGES

        Name                Unused          Largest block    Delta
        BANK0            000080-0000FF               80
        BANK1            000100-0001FF              100
        BANK2            000200-0002FF              100
        BANK3            000300-0003FF              100
        BANK4            000400-0004FF              100
        BANK5            000500-0005FF              100
        BIGRAM           000073-0005FF              58D
        CODE             000006-0039BB             39B6
                         003BA6-003BA6                1
                         004000-007FFF             4000
        COMRAM           000073-00007F                D
        CONST            000006-0039BB             39B6
                         003BA6-003BA6                1
                         004000-007FFF             4000
        EEDATA           F00000-F000FF              100
        MEDIUMCONST      000600-0039BB             33BC
                         003BA6-003BA6                1
                         004000-007FFF             4000
        RAM              000080-0005FF              100
        SFR              000F80-000FFF               80
        SMALLCONST       000600-0039BB              100
                         003BA6-003BA6                1
                         004000-007FFF              100
        STACK            000080-0005FF              580

                                  Symbol Table

?_and                                                              cstackCOMRAM 000052
?_division                                                         cstackCOMRAM 000056
?_isupper                                                          cstackCOMRAM 000052
?_module                                                           cstackCOMRAM 000056
?_multi                                                            cstackCOMRAM 000052
?_nand                                                             cstackCOMRAM 000056
?_no_es_primo                                                      cstackCOMRAM 00005A
?_operar                                                           cstackCOMRAM 00005C
?_or                                                               cstackCOMRAM 000052
?_resta                                                            cstackCOMRAM 000052
?_suma                                                             cstackCOMRAM 000052
?_tolower                                                          cstackCOMRAM 000058
?_xor                                                              cstackCOMRAM 000052
_ADCON1                                                            (abs)        000FC1
_LATB                                                              (abs)        000F8A
_LATC                                                              (abs)        000F8B
_LATD                                                              (abs)        000F8C
_LATE                                                              (abs)        000F8D
_NUMERO                                                            dataCOMRAM   000001
_PORTB                                                             (abs)        000F81
_PORTC                                                             (abs)        000F82
_PORTD                                                             (abs)        000F83
_PORTE                                                             (abs)        000F84
_SIMBOLO                                                           dataCOMRAM   000031
_TRISB                                                             (abs)        000F93
_TRISC                                                             (abs)        000F94
_TRISD                                                             (abs)        000F95
_TRISE                                                             (abs)        000F96
__CFG_BOR$OFF                                                      (abs)        000000
__CFG_LVP$OFF                                                      (abs)        000000
__CFG_OSC$XT                                                       (abs)        000000
__CFG_PWRT$ON                                                      (abs)        000000
__CFG_WDT$OFF                                                      (abs)        000000
__HRAM                                                             (abs)        000000
__Habs1                                                            abs1         000000
__Hbank0                                                           bank0        000000
__Hbank1                                                           bank1        000000
__Hbank2                                                           bank2        000000
__Hbank3                                                           bank3        000000
__Hbank4                                                           bank4        000000
__Hbank5                                                           bank5        000000
__Hbigbss                                                          bigbss       000000
__Hbigdata                                                         bigdata      000000
__Hbigram                                                          bigram       000000
__Hbss                                                             bss          000000
__Hcinit                                                           cinit        000000
__Hclrtext                                                         clrtext      000000
__Hcomram                                                          comram       000000
__Hconfig                                                          config       30000E
__Hconst                                                           const        000000
__HcstackCOMRAM                                                    cstackCOMRAM 000000
__Hdata                                                            data         000000
__HdataCOMRAM                                                      dataCOMRAM   000000
__Heeprom_data                                                     eeprom_data  000000
__Hfarbss                                                          farbss       000000
__Hfardata                                                         fardata      000000
__Hibigdata                                                        ibigdata     000000
__Hidata                                                           idata        000000
__HidataCOMRAM                                                     idataCOMRAM  000000
__Hidloc                                                           idloc        200008
__Hifardata                                                        ifardata     000000
__Hinit                                                            init         000006
__Hintcode                                                         intcode      000002
__Hintcode_body                                                    intcode_body 000000
__Hintcodelo                                                       intcodelo    000002
__Hintentry                                                        intentry     000000
__Hintret                                                          intret       000000
__Hintsave_regs                                                    intsave_regs 000000
__Hirdata                                                          irdata       000000
__Hmediumconst                                                     mediumconst  000000
__HnvCOMRAM                                                        nvCOMRAM     000000
__HnvFARRAM                                                        nvFARRAM     000000
__Hnvbit                                                           nvbit        000000
__Hnvrram                                                          nvrram       000000
__Hparam                                                           rparam       000000
__Hpowerup                                                         powerup      000002
__Hram                                                             ram          000000
__Hramtop                                                          ramtop       000600
__Hrbit                                                            rbit         000000
__Hrbss                                                            rbss         000000
__Hrdata                                                           rdata        000000
__Hreset_vec                                                       reset_vec    000002
__Hrparam                                                          rparam       000000
__Hsfr                                                             sfr          000000
__Hsmallconst                                                      smallconst   000000
__Hspace_0                                                         (abs)        30000E
__Hspace_1                                                         (abs)        000073
__Hspace_2                                                         (abs)        000000
__Hstack                                                           stack        000000
__Hstruct                                                          struct       000000
__Htemp                                                            temp         000000
__Htext                                                            text         000000
__Htext0                                                           text0        000000
__Htext1                                                           text1        000000
__Htext10                                                          text10       000000
__Htext11                                                          text11       000000
__Htext12                                                          text12       000000
__Htext13                                                          text13       000000
__Htext14                                                          text14       000000
__Htext15                                                          text15       000000
__Htext16                                                          text16       000000
__Htext17                                                          text17       000000
__Htext2                                                           text2        000000
__Htext3                                                           text3        000000
__Htext4                                                           text4        000000
__Htext5                                                           text5        000000
__Htext6                                                           text6        000000
__Htext7                                                           text7        000000
__Htext8                                                           text8        000000
__Htext9                                                           text9        000000
__LRAM                                                             (abs)        000001
__Labs1                                                            abs1         000000
__Lbank0                                                           bank0        000000
__Lbank1                                                           bank1        000000
__Lbank2                                                           bank2        000000
__Lbank3                                                           bank3        000000
__Lbank4                                                           bank4        000000
__Lbank5                                                           bank5        000000
__Lbigbss                                                          bigbss       000000
__Lbigdata                                                         bigdata      000000
__Lbigram                                                          bigram       000000
__Lbss                                                             bss          000000
__Lcinit                                                           cinit        000000
__Lclrtext                                                         clrtext      000000
__Lcomram                                                          comram       000000
__Lconfig                                                          config       300000
__Lconst                                                           const        000000
__LcstackCOMRAM                                                    cstackCOMRAM 000000
__Ldata                                                            data         000000
__LdataCOMRAM                                                      dataCOMRAM   000000
__Leeprom_data                                                     eeprom_data  000000
__Lfarbss                                                          farbss       000000
__Lfardata                                                         fardata      000000
__Libigdata                                                        ibigdata     000000
__Lidata                                                           idata        000000
__LidataCOMRAM                                                     idataCOMRAM  000000
__Lidloc                                                           idloc        200000
__Lifardata                                                        ifardata     000000
__Linit                                                            init         000002
__Lintcode                                                         intcode      000002
__Lintcode_body                                                    intcode_body 000000
__Lintcodelo                                                       intcodelo    000002
__Lintentry                                                        intentry     000000
__Lintret                                                          intret       000000
__Lintsave_regs                                                    intsave_regs 000000
__Lirdata                                                          irdata       000000
__Lmediumconst                                                     mediumconst  000000
__LnvCOMRAM                                                        nvCOMRAM     000000
__LnvFARRAM                                                        nvFARRAM     000000
__Lnvbit                                                           nvbit        000000
__Lnvrram                                                          nvrram       000000
__Lparam                                                           rparam       000000
__Lpowerup                                                         powerup      000002
__Lram                                                             ram          000000
__Lramtop                                                          ramtop       000600
__Lrbit                                                            rbit         000000
__Lrbss                                                            rbss         000000
__Lrdata                                                           rdata        000000
__Lreset_vec                                                       reset_vec    000000
__Lrparam                                                          rparam       000000
__Lsfr                                                             sfr          000000
__Lsmallconst                                                      smallconst   000000
__Lspace_0                                                         (abs)        000000
__Lspace_1                                                         (abs)        000000
__Lspace_2                                                         (abs)        000000
__Lstack                                                           stack        000000
__Lstruct                                                          struct       000000
__Ltemp                                                            temp         000000
__Ltext                                                            text         000000
__Ltext0                                                           text0        000000
__Ltext1                                                           text1        000000
__Ltext10                                                          text10       000000
__Ltext11                                                          text11       000000
__Ltext12                                                          text12       000000
__Ltext13                                                          text13       000000
__Ltext14                                                          text14       000000
__Ltext15                                                          text15       000000
__Ltext16                                                          text16       000000
__Ltext17                                                          text17       000000
__Ltext2                                                           text2        000000
__Ltext3                                                           text3        000000
__Ltext4                                                           text4        000000
__Ltext5                                                           text5        000000
__Ltext6                                                           text6        000000
__Ltext7                                                           text7        000000
__Ltext8                                                           text8        000000
__Ltext9                                                           text9        000000
__S0                                                               (abs)        30000E
__S1                                                               (abs)        000073
__S2                                                               (abs)        000000
___inthi_sp                                                        stack        000000
___intlo_sp                                                        stack        000000
___lbdiv                                                           text16       003C6A
___lbdiv@counter                                                   cstackCOMRAM 000054
___lbdiv@dividend                                                  cstackCOMRAM 000053
___lbdiv@divisor                                                   cstackCOMRAM 000052
___lbdiv@quotient                                                  cstackCOMRAM 000055
___lbmod                                                           text11       003B22
___lbmod@counter                                                   cstackCOMRAM 000054
___lbmod@dividend                                                  cstackCOMRAM 000053
___lbmod@divisor                                                   cstackCOMRAM 000052
___lbmod@rem                                                       cstackCOMRAM 000055
___param_bank                                                      (abs)        000000
___rparam_used                                                     (abs)        000001
___sp                                                              stack        000000
__accesstop                                                        (abs)        000080
__activetblptr                                                     (abs)        000002
__cntErrataNOP_C:\Users\user\AppData\Local\Temp\sfdk.o             (abs)        000001
__cntErrataNOP_dist/default/production\Laboratorio1.X.production.o (abs)        00004C
__end_of___lbdiv                                                   text16       003CE0
__end_of___lbmod                                                   text11       003B64
__end_of__initialization                                           cinit        003AA2
__end_of_and                                                       text13       0039F8
__end_of_division                                                  text15       003A4E
__end_of_init_config                                               text17       003AE2
__end_of_isupper                                                   text3        003BA6
__end_of_main                                                      text0        003E66
__end_of_module                                                    text10       003A82
__end_of_multi                                                     text14       0039E4
__end_of_nand                                                      text12       003A68
__end_of_no_es_primo                                               text9        003B22
__end_of_operar                                                    text4        004000
__end_of_or                                                        text8        003A0C
__end_of_resta                                                     text7        003A20
__end_of_suma                                                      text6        0039D0
__end_of_tolower                                                   text2        003C6A
__end_of_visualizar                                                text1        003D9C
__end_of_xor                                                       text5        003A34
__initialization                                                   cinit        003A82
__mediumconst                                                      mediumconst  000000
__pcinit                                                           cinit        003A82
__pcstackCOMRAM                                                    cstackCOMRAM 000052
__pdataCOMRAM                                                      dataCOMRAM   000001
__pidataCOMRAM                                                     idataCOMRAM  003BA7
__pnvCOMRAM                                                        nvCOMRAM     00006E
__ptext0                                                           text0        003D9C
__ptext1                                                           text1        003CE0
__ptext10                                                          text10       003A68
__ptext11                                                          text11       003B22
__ptext12                                                          text12       003A4E
__ptext13                                                          text13       0039E4
__ptext14                                                          text14       0039D0
__ptext15                                                          text15       003A34
__ptext16                                                          text16       003C6A
__ptext17                                                          text17       003AAC
__ptext2                                                           text2        003BF8
__ptext3                                                           text3        003B64
__ptext4                                                           text4        003E66
__ptext5                                                           text5        003A20
__ptext6                                                           text6        0039BE
__ptext7                                                           text7        003A0C
__ptext8                                                           text8        0039F8
__ptext9                                                           text9        003AE4
__ramtop                                                           ramtop       000600
__size_of___lbdiv                                                  (abs)        000000
__size_of___lbmod                                                  (abs)        000000
__size_of_and                                                      (abs)        000000
__size_of_division                                                 (abs)        000000
__size_of_init_config                                              (abs)        000000
__size_of_isupper                                                  (abs)        000000
__size_of_main                                                     (abs)        000000
__size_of_module                                                   (abs)        000000
__size_of_multi                                                    (abs)        000000
__size_of_nand                                                     (abs)        000000
__size_of_no_es_primo                                              (abs)        000000
__size_of_operar                                                   (abs)        000000
__size_of_or                                                       (abs)        000000
__size_of_resta                                                    (abs)        000000
__size_of_suma                                                     (abs)        000000
__size_of_tolower                                                  (abs)        000000
__size_of_visualizar                                               (abs)        000000
__size_of_xor                                                      (abs)        000000
__smallconst                                                       smallconst   000000
_and                                                               text13       0039E4
_division                                                          text15       003A34
_init_config                                                       text17       003AAC
_input                                                             nvCOMRAM     000072
_isupper                                                           text3        003B64
_main                                                              text0        003D9C
_module                                                            text10       003A68
_multi                                                             text14       0039D0
_nand                                                              text12       003A4E
_no_es_primo                                                       text9        003AE4
_oper                                                              nvCOMRAM     00006F
_oper_1                                                            nvCOMRAM     000071
_oper_2                                                            nvCOMRAM     000070
_operar                                                            text4        003E66
_or                                                                text8        0039F8
_resta                                                             text7        003A0C
_resultado                                                         nvCOMRAM     00006E
_suma                                                              text6        0039BE
_tolower                                                           text2        003BF8
_tolower$633                                                       cstackCOMRAM 00005E
_visualizar                                                        text1        003CE0
_visualizar$149                                                    cstackCOMRAM 00006A
_xor                                                               text5        003A20
and@oper_1                                                         cstackCOMRAM 000055
and@oper_2                                                         cstackCOMRAM 000052
division@oper_1                                                    cstackCOMRAM 000058
division@oper_2                                                    cstackCOMRAM 000056
division@result                                                    cstackCOMRAM 000059
end_of_initialization                                              cinit        003AA2
intlevel0                                                          text         0039BC
intlevel1                                                          text         0039BC
intlevel2                                                          text         0039BC
intlevel3                                                          text         0039BC
isupper@c                                                          cstackCOMRAM 000052
module@oper_1                                                      cstackCOMRAM 000059
module@oper_2                                                      cstackCOMRAM 000056
multi@oper_1                                                       cstackCOMRAM 000054
multi@oper_2                                                       cstackCOMRAM 000052
nand@oper_1                                                        cstackCOMRAM 000058
nand@oper_2                                                        cstackCOMRAM 000056
no_es_primo@num                                                    cstackCOMRAM 00005A
operar@oper                                                        cstackCOMRAM 000060
operar@oper_1                                                      cstackCOMRAM 00005C
operar@oper_2                                                      cstackCOMRAM 00005D
or@oper_1                                                          cstackCOMRAM 000055
or@oper_2                                                          cstackCOMRAM 000052
resta@oper_1                                                       cstackCOMRAM 000055
resta@oper_2                                                       cstackCOMRAM 000052
stackhi                                                            (abs)        0005FF
stacklo                                                            (abs)        000080
start                                                              init         000002
start_initialization                                               cinit        003A82
suma@oper_1                                                        cstackCOMRAM 000054
suma@oper_2                                                        cstackCOMRAM 000052
tolower@c                                                          cstackCOMRAM 000058
visualizar@SoN                                                     cstackCOMRAM 000060
visualizar@enable                                                  cstackCOMRAM 000065
visualizar@from                                                    cstackCOMRAM 000063
visualizar@position                                                cstackCOMRAM 000062
visualizar@x                                                       cstackCOMRAM 00006C
xor@oper_1                                                         cstackCOMRAM 000055
xor@oper_2                                                         cstackCOMRAM 000052


FUNCTION INFORMATION:

 *************** function _main *****************
 Defined at:
		line 63 in file "main.c"
 Parameters:    Size  Location     Type
		None
 Auto vars:     Size  Location     Type
  es_menos        2    0        int 
 Return value:  Size  Location     Type
                  1    wreg      void 
 Registers used:
		wreg, fsr2l, fsr2h, status,2, status,0, prodl, prodh, cstack
 Tracked objects:
		On entry : 
		On exit  : 
		Unchanged: 
 Data sizes:     COMRAM   BANK0   BANK1   BANK2   BANK3   BANK4   BANK5
      Params:         0       0       0       0       0       0       0
      Locals:         2       0       0       0       0       0       0
      Temps:          1       0       0       0       0       0       0
      Totals:         3       0       0       0       0       0       0
Total ram usage:        3 bytes
 Hardware stack levels required when called:    4
 This function calls:
		_init_config
		_operar
		_visualizar
 This function is called by:
		Startup code after reset
 This function uses a non-reentrant model


 *************** function _visualizar *****************
 Defined at:
		line 108 in file "main.c"
 Parameters:    Size  Location     Type
  SoN             2   14[COMRAM] PTR unsigned char 
		 -> RAM(1535), 
  position        1   16[COMRAM] unsigned char 
  from            2   17[COMRAM] int 
  enable          2   19[COMRAM] int 
 Auto vars:     Size  Location     Type
  x               1   26[COMRAM] unsigned char 
 Return value:  Size  Location     Type
                  1    wreg      void 
 Registers used:
		wreg, fsr2l, fsr2h, status,2, status,0, prodl, prodh, cstack
 Tracked objects:
		On entry : 
		On exit  : 
		Unchanged: 
 Data sizes:     COMRAM   BANK0   BANK1   BANK2   BANK3   BANK4   BANK5
      Params:         7       0       0       0       0       0       0
      Locals:         3       0       0       0       0       0       0
      Temps:          3       0       0       0       0       0       0
      Totals:        13       0       0       0       0       0       0
Total ram usage:       13 bytes
 Hardware stack levels used:    1
 Hardware stack levels required when called:    2
 This function calls:
		_tolower
 This function is called by:
		_main
 This function uses a non-reentrant model


 *************** function _tolower *****************
 Defined at:
		line 4 in file "C:\Program Files (x86)\Microchip\xc8\v2.10\pic\sources\c99\common\tolower.c"
 Parameters:    Size  Location     Type
  c               2    6[COMRAM] int 
 Auto vars:     Size  Location     Type
		None
 Return value:  Size  Location     Type
                  2    6[COMRAM] int 
 Registers used:
		wreg, status,2, status,0
 Tracked objects:
		On entry : 
		On exit  : 
		Unchanged: 
 Data sizes:     COMRAM   BANK0   BANK1   BANK2   BANK3   BANK4   BANK5
      Params:         2       0       0       0       0       0       0
      Locals:         2       0       0       0       0       0       0
      Temps:          4       0       0       0       0       0       0
      Totals:         8       0       0       0       0       0       0
Total ram usage:        8 bytes
 Hardware stack levels used:    1
 Hardware stack levels required when called:    1
 This function calls:
		_isupper
 This function is called by:
		_visualizar
 This function uses a non-reentrant model


 *************** function _isupper *****************
 Defined at:
		line 5 in file "C:\Program Files (x86)\Microchip\xc8\v2.10\pic\sources\c99\common\isupper.c"
 Parameters:    Size  Location     Type
  c               2    0[COMRAM] int 
 Auto vars:     Size  Location     Type
		None
 Return value:  Size  Location     Type
                  2    0[COMRAM] int 
 Registers used:
		wreg, status,2, status,0
 Tracked objects:
		On entry : 
		On exit  : 
		Unchanged: 
 Data sizes:     COMRAM   BANK0   BANK1   BANK2   BANK3   BANK4   BANK5
      Params:         2       0       0       0       0       0       0
      Locals:         0       0       0       0       0       0       0
      Temps:          4       0       0       0       0       0       0
      Totals:         6       0       0       0       0       0       0
Total ram usage:        6 bytes
 Hardware stack levels used:    1
 This function calls:
		Nothing
 This function is called by:
		_tolower
 This function uses a non-reentrant model


 *************** function _operar *****************
 Defined at:
		line 117 in file "main.c"
 Parameters:    Size  Location     Type
  oper            1    wreg     unsigned char 
  oper_1          1   10[COMRAM] unsigned char 
  oper_2          1   11[COMRAM] unsigned char 
 Auto vars:     Size  Location     Type
  oper            1   14[COMRAM] unsigned char 
 Return value:  Size  Location     Type
                  2   10[COMRAM] int 
 Registers used:
		wreg, status,2, status,0, prodl, prodh, cstack
 Tracked objects:
		On entry : 
		On exit  : 
		Unchanged: 
 Data sizes:     COMRAM   BANK0   BANK1   BANK2   BANK3   BANK4   BANK5
      Params:         2       0       0       0       0       0       0
      Locals:         1       0       0       0       0       0       0
      Temps:          2       0       0       0       0       0       0
      Totals:         5       0       0       0       0       0       0
Total ram usage:        5 bytes
 Hardware stack levels used:    1
 Hardware stack levels required when called:    3
 This function calls:
		_and
		_division
		_module
		_multi
		_nand
		_no_es_primo
		_or
		_resta
		_suma
		_xor
 This function is called by:
		_main
 This function uses a non-reentrant model


 *************** function _xor *****************
 Defined at:
		line 194 in file "main.c"
 Parameters:    Size  Location     Type
  oper_1          1    wreg     unsigned char 
  oper_2          1    0[COMRAM] unsigned char 
 Auto vars:     Size  Location     Type
  oper_1          1    3[COMRAM] unsigned char 
 Return value:  Size  Location     Type
                  2    0[COMRAM] int 
 Registers used:
		wreg, status,2, status,0
 Tracked objects:
		On entry : 
		On exit  : 
		Unchanged: 
 Data sizes:     COMRAM   BANK0   BANK1   BANK2   BANK3   BANK4   BANK5
      Params:         2       0       0       0       0       0       0
      Locals:         1       0       0       0       0       0       0
      Temps:          1       0       0       0       0       0       0
      Totals:         4       0       0       0       0       0       0
Total ram usage:        4 bytes
 Hardware stack levels used:    1
 This function calls:
		Nothing
 This function is called by:
		_operar
 This function uses a non-reentrant model


 *************** function _suma *****************
 Defined at:
		line 157 in file "main.c"
 Parameters:    Size  Location     Type
  oper_1          1    wreg     unsigned char 
  oper_2          1    0[COMRAM] unsigned char 
 Auto vars:     Size  Location     Type
  oper_1          1    2[COMRAM] unsigned char 
 Return value:  Size  Location     Type
                  2    0[COMRAM] int 
 Registers used:
		wreg, status,2, status,0
 Tracked objects:
		On entry : 
		On exit  : 
		Unchanged: 
 Data sizes:     COMRAM   BANK0   BANK1   BANK2   BANK3   BANK4   BANK5
      Params:         2       0       0       0       0       0       0
      Locals:         1       0       0       0       0       0       0
      Temps:          0       0       0       0       0       0       0
      Totals:         3       0       0       0       0       0       0
Total ram usage:        3 bytes
 Hardware stack levels used:    1
 This function calls:
		Nothing
 This function is called by:
		_operar
 This function uses a non-reentrant model


 *************** function _resta *****************
 Defined at:
		line 161 in file "main.c"
 Parameters:    Size  Location     Type
  oper_1          1    wreg     unsigned char 
  oper_2          1    0[COMRAM] unsigned char 
 Auto vars:     Size  Location     Type
  oper_1          1    3[COMRAM] unsigned char 
  result          1    0        unsigned char 
 Return value:  Size  Location     Type
                  2    0[COMRAM] int 
 Registers used:
		wreg, status,2, status,0
 Tracked objects:
		On entry : 
		On exit  : 
		Unchanged: 
 Data sizes:     COMRAM   BANK0   BANK1   BANK2   BANK3   BANK4   BANK5
      Params:         2       0       0       0       0       0       0
      Locals:         2       0       0       0       0       0       0
      Temps:          0       0       0       0       0       0       0
      Totals:         4       0       0       0       0       0       0
Total ram usage:        4 bytes
 Hardware stack levels used:    1
 This function calls:
		Nothing
 This function is called by:
		_operar
 This function uses a non-reentrant model


 *************** function _or *****************
 Defined at:
		line 186 in file "main.c"
 Parameters:    Size  Location     Type
  oper_1          1    wreg     unsigned char 
  oper_2          1    0[COMRAM] unsigned char 
 Auto vars:     Size  Location     Type
  oper_1          1    3[COMRAM] unsigned char 
 Return value:  Size  Location     Type
                  2    0[COMRAM] int 
 Registers used:
		wreg, status,2, status,0
 Tracked objects:
		On entry : 
		On exit  : 
		Unchanged: 
 Data sizes:     COMRAM   BANK0   BANK1   BANK2   BANK3   BANK4   BANK5
      Params:         2       0       0       0       0       0       0
      Locals:         1       0       0       0       0       0       0
      Temps:          1       0       0       0       0       0       0
      Totals:         4       0       0       0       0       0       0
Total ram usage:        4 bytes
 Hardware stack levels used:    1
 This function calls:
		Nothing
 This function is called by:
		_operar
 This function uses a non-reentrant model


 *************** function _no_es_primo *****************
 Defined at:
		line 198 in file "main.c"
 Parameters:    Size  Location     Type
  num             2    8[COMRAM] int 
 Auto vars:     Size  Location     Type
		None
 Return value:  Size  Location     Type
                  2    8[COMRAM] int 
 Registers used:
		wreg, status,2, status,0, cstack
 Tracked objects:
		On entry : 
		On exit  : 
		Unchanged: 
 Data sizes:     COMRAM   BANK0   BANK1   BANK2   BANK3   BANK4   BANK5
      Params:         2       0       0       0       0       0       0
      Locals:         0       0       0       0       0       0       0
      Temps:          0       0       0       0       0       0       0
      Totals:         2       0       0       0       0       0       0
Total ram usage:        2 bytes
 Hardware stack levels used:    1
 Hardware stack levels required when called:    2
 This function calls:
		_module
 This function is called by:
		_operar
 This function uses a non-reentrant model


 *************** function _module *****************
 Defined at:
		line 178 in file "main.c"
 Parameters:    Size  Location     Type
  oper_1          1    wreg     unsigned char 
  oper_2          1    4[COMRAM] unsigned char 
 Auto vars:     Size  Location     Type
  oper_1          1    7[COMRAM] unsigned char 
 Return value:  Size  Location     Type
                  2    4[COMRAM] int 
 Registers used:
		wreg, status,2, status,0, cstack
 Tracked objects:
		On entry : 
		On exit  : 
		Unchanged: 
 Data sizes:     COMRAM   BANK0   BANK1   BANK2   BANK3   BANK4   BANK5
      Params:         2       0       0       0       0       0       0
      Locals:         1       0       0       0       0       0       0
      Temps:          1       0       0       0       0       0       0
      Totals:         4       0       0       0       0       0       0
Total ram usage:        4 bytes
 Hardware stack levels used:    1
 Hardware stack levels required when called:    1
 This function calls:
		___lbmod
 This function is called by:
		_operar
		_no_es_primo
 This function uses a non-reentrant model


 *************** function ___lbmod *****************
 Defined at:
		line 4 in file "C:\Program Files (x86)\Microchip\xc8\v2.10\pic\sources\c99\common\lbmod.c"
 Parameters:    Size  Location     Type
  dividend        1    wreg     unsigned char 
  divisor         1    0[COMRAM] unsigned char 
 Auto vars:     Size  Location     Type
  dividend        1    1[COMRAM] unsigned char 
  rem             1    3[COMRAM] unsigned char 
  counter         1    2[COMRAM] unsigned char 
 Return value:  Size  Location     Type
                  1    wreg      unsigned char 
 Registers used:
		wreg, status,2, status,0
 Tracked objects:
		On entry : 
		On exit  : 
		Unchanged: 
 Data sizes:     COMRAM   BANK0   BANK1   BANK2   BANK3   BANK4   BANK5
      Params:         1       0       0       0       0       0       0
      Locals:         3       0       0       0       0       0       0
      Temps:          0       0       0       0       0       0       0
      Totals:         4       0       0       0       0       0       0
Total ram usage:        4 bytes
 Hardware stack levels used:    1
 This function calls:
		Nothing
 This function is called by:
		_module
 This function uses a non-reentrant model


 *************** function _nand *****************
 Defined at:
		line 190 in file "main.c"
 Parameters:    Size  Location     Type
  oper_1          1    wreg     unsigned char 
  oper_2          1    4[COMRAM] unsigned char 
 Auto vars:     Size  Location     Type
  oper_1          1    6[COMRAM] unsigned char 
 Return value:  Size  Location     Type
                  2    4[COMRAM] int 
 Registers used:
		wreg, status,2, status,0, cstack
 Tracked objects:
		On entry : 
		On exit  : 
		Unchanged: 
 Data sizes:     COMRAM   BANK0   BANK1   BANK2   BANK3   BANK4   BANK5
      Params:         2       0       0       0       0       0       0
      Locals:         1       0       0       0       0       0       0
      Temps:          0       0       0       0       0       0       0
      Totals:         3       0       0       0       0       0       0
Total ram usage:        3 bytes
 Hardware stack levels used:    1
 Hardware stack levels required when called:    1
 This function calls:
		_and
 This function is called by:
		_operar
 This function uses a non-reentrant model


 *************** function _and *****************
 Defined at:
		line 182 in file "main.c"
 Parameters:    Size  Location     Type
  oper_1          1    wreg     unsigned char 
  oper_2          1    0[COMRAM] unsigned char 
 Auto vars:     Size  Location     Type
  oper_1          1    3[COMRAM] unsigned char 
 Return value:  Size  Location     Type
                  2    0[COMRAM] int 
 Registers used:
		wreg, status,2, status,0
 Tracked objects:
		On entry : 
		On exit  : 
		Unchanged: 
 Data sizes:     COMRAM   BANK0   BANK1   BANK2   BANK3   BANK4   BANK5
      Params:         2       0       0       0       0       0       0
      Locals:         1       0       0       0       0       0       0
      Temps:          1       0       0       0       0       0       0
      Totals:         4       0       0       0       0       0       0
Total ram usage:        4 bytes
 Hardware stack levels used:    1
 This function calls:
		Nothing
 This function is called by:
		_operar
		_nand
 This function uses a non-reentrant model


 *************** function _multi *****************
 Defined at:
		line 169 in file "main.c"
 Parameters:    Size  Location     Type
  oper_1          1    wreg     unsigned char 
  oper_2          1    0[COMRAM] unsigned char 
 Auto vars:     Size  Location     Type
  oper_1          1    2[COMRAM] unsigned char 
 Return value:  Size  Location     Type
                  2    0[COMRAM] int 
 Registers used:
		wreg, status,2, status,0, prodl, prodh
 Tracked objects:
		On entry : 
		On exit  : 
		Unchanged: 
 Data sizes:     COMRAM   BANK0   BANK1   BANK2   BANK3   BANK4   BANK5
      Params:         2       0       0       0       0       0       0
      Locals:         1       0       0       0       0       0       0
      Temps:          0       0       0       0       0       0       0
      Totals:         3       0       0       0       0       0       0
Total ram usage:        3 bytes
 Hardware stack levels used:    1
 This function calls:
		Nothing
 This function is called by:
		_operar
 This function uses a non-reentrant model


 *************** function _division *****************
 Defined at:
		line 173 in file "main.c"
 Parameters:    Size  Location     Type
  oper_1          1    wreg     unsigned char 
  oper_2          1    4[COMRAM] unsigned char 
 Auto vars:     Size  Location     Type
  oper_1          1    6[COMRAM] unsigned char 
  result          1    7[COMRAM] unsigned char 
 Return value:  Size  Location     Type
                  2    4[COMRAM] int 
 Registers used:
		wreg, status,2, status,0, cstack
 Tracked objects:
		On entry : 
		On exit  : 
		Unchanged: 
 Data sizes:     COMRAM   BANK0   BANK1   BANK2   BANK3   BANK4   BANK5
      Params:         2       0       0       0       0       0       0
      Locals:         2       0       0       0       0       0       0
      Temps:          0       0       0       0       0       0       0
      Totals:         4       0       0       0       0       0       0
Total ram usage:        4 bytes
 Hardware stack levels used:    1
 Hardware stack levels required when called:    1
 This function calls:
		___lbdiv
 This function is called by:
		_operar
 This function uses a non-reentrant model


 *************** function ___lbdiv *****************
 Defined at:
		line 4 in file "C:\Program Files (x86)\Microchip\xc8\v2.10\pic\sources\c99\common\lbdiv.c"
 Parameters:    Size  Location     Type
  dividend        1    wreg     unsigned char 
  divisor         1    0[COMRAM] unsigned char 
 Auto vars:     Size  Location     Type
  dividend        1    1[COMRAM] unsigned char 
  quotient        1    3[COMRAM] unsigned char 
  counter         1    2[COMRAM] unsigned char 
 Return value:  Size  Location     Type
                  1    wreg      unsigned char 
 Registers used:
		wreg, status,2, status,0
 Tracked objects:
		On entry : 
		On exit  : 
		Unchanged: 
 Data sizes:     COMRAM   BANK0   BANK1   BANK2   BANK3   BANK4   BANK5
      Params:         1       0       0       0       0       0       0
      Locals:         3       0       0       0       0       0       0
      Temps:          0       0       0       0       0       0       0
      Totals:         4       0       0       0       0       0       0
Total ram usage:        4 bytes
 Hardware stack levels used:    1
 This function calls:
		Nothing
 This function is called by:
		_division
 This function uses a non-reentrant model


 *************** function _init_config *****************
 Defined at:
		line 85 in file "main.c"
 Parameters:    Size  Location     Type
		None
 Auto vars:     Size  Location     Type
		None
 Return value:  Size  Location     Type
                  1    wreg      void 
 Registers used:
		wreg, status,2
 Tracked objects:
		On entry : 
		On exit  : 
		Unchanged: 
 Data sizes:     COMRAM   BANK0   BANK1   BANK2   BANK3   BANK4   BANK5
      Params:         0       0       0       0       0       0       0
      Locals:         0       0       0       0       0       0       0
      Temps:          0       0       0       0       0       0       0
      Totals:         0       0       0       0       0       0       0
Total ram usage:        0 bytes
 Hardware stack levels used:    1
 This function calls:
		Nothing
 This function is called by:
		_main
 This function uses a non-reentrant model



MODULE INFORMATION

Module		Function		Class		Link	Load	Size
C:\Program Files (x86)\Microchip\xc8\v2.10\pic\sources\c99\common\lbmod.c
		___lbmod       		CODE           	3B22	0000	67

C:\Program Files (x86)\Microchip\xc8\v2.10\pic\sources\c99\common\lbmod.c estimated size: 67

C:\Program Files (x86)\Microchip\xc8\v2.10\pic\sources\c99\common\tolower.c
		_tolower       		CODE           	3BF8	0000	115

C:\Program Files (x86)\Microchip\xc8\v2.10\pic\sources\c99\common\tolower.c estimated size: 115

C:\Program Files (x86)\Microchip\xc8\v2.10\pic\sources\c99\common\lbdiv.c
		___lbdiv       		CODE           	3C6A	0000	119

C:\Program Files (x86)\Microchip\xc8\v2.10\pic\sources\c99\common\lbdiv.c estimated size: 119

shared
		__initialization		CODE           	3A82	0000	33

shared estimated size: 33

main.c
		_resta         		CODE           	3A0C	0000	21
		_main          		CODE           	3D9C	0000	203
		_module        		CODE           	3A68	0000	27
		_multi         		CODE           	39D0	0000	21
		_xor           		CODE           	3A20	0000	21
		_nand          		CODE           	3A4E	0000	27
		_visualizar    		CODE           	3CE0	0000	189
		_or            		CODE           	39F8	0000	21
		_operar        		CODE           	3E66	0000	411
		_division      		CODE           	3A34	0000	27
		_and           		CODE           	39E4	0000	21
		_init_config   		CODE           	3AAC	0000	55
		_suma          		CODE           	39BE	0000	19
		_no_es_primo   		CODE           	3AE4	0000	63

main.c estimated size: 1126

C:\Program Files (x86)\Microchip\xc8\v2.10\pic\sources\c99\common\isupper.c
		_isupper       		CODE           	3B64	0000	67

C:\Program Files (x86)\Microchip\xc8\v2.10\pic\sources\c99\common\isupper.c estimated size: 67

