Microchip MPLAB XC8 Compiler V2.05 ()

Linker command line:

-W-3 --edf=C:\Program Files (x86)\Microchip\xc8\v2.05\pic\dat\en_msgs.txt \
  -cs -h+dist/default/production\Laboratorio3_final.X.production.sym \
  --cmf=dist/default/production\Laboratorio3_final.X.production.cmf -z \
  -Q18F452 -oC:\Users\user\AppData\Local\Temp\seko.2 \
  --defsym=__MPLAB_BUILD=1 \
  -Mdist/default/production/Laboratorio3_final.X.production.map -E1 \
  -ver=XC8 --acfsm=1493 -ASTACK=0132h-05FFh -pstack=STACK \
  -ACODE=00h-03FFFhx2 -ACONST=00h-07FFFh -ASMALLCONST=0600h-06FFhx122 \
  -AMEDIUMCONST=0600h-07FFFh -ACOMRAM=01h-07Fh -AABS1=00h-05FFh \
  -ABIGRAM=01h-05FFh -ARAM=080h-0FFh,0100h-01FFhx5 -ABANK0=080h-0FFh \
  -ABANK1=0100h-01FFh -ABANK2=0200h-02FFh -ABANK3=0300h-03FFh \
  -ABANK4=0400h-04FFh -ABANK5=0500h-05FFh -ASFR=0F80h-0FFFh \
  -preset_vec=00h,intcode=08h,intcodelo,powerup,init -pramtop=0600h \
  -psmallconst=SMALLCONST -pmediumconst=MEDIUMCONST -pconst=CONST \
  -AFARRAM=00h-00h -ACONFIG=0300000h-030000Dh -pconfig=CONFIG \
  -AIDLOC=0200000h-0200007h -pidloc=IDLOC -AEEDATA=0F00000h-0F000FFh \
  -peeprom_data=EEDATA \
  -prdata=COMRAM,nvrram=COMRAM,nvbit=COMRAM,rbss=COMRAM,rbit=COMRAM \
  -pfarbss=FARRAM,fardata=FARRAM,nvFARRAM=FARRAM \
  -pintsave_regs=BIGRAM,bigbss=BIGRAM,bigdata=BIGRAM -pbss=RAM \
  -pidata=CODE,irdata=CODE,ibigdata=CODE,ifardata=CODE -prparam=COMRAM \
  C:\Users\user\AppData\Local\Temp\seko.o \
  dist/default/production\Laboratorio3_final.X.production.o 

Object code version is 3.11

Machine type is 18F452

Call graph: (short form)




                Name                               Link     Load   Length Selector   Space Scale
C:\Users\user\AppData\Local\Temp\seko.o
                text                               2C90     2C90        2        4       0
                init                                 1E       1E        4        4       0
                reset_vec                             0        0        6        0       0
                idloc                            200000   200000        8   200000       0
                config                           300000   300000        E   300000       0
dist/default/production\Laboratorio3_final.X.production.o
                intcode                               8        8       16        4       0
                temp                                 76       76        1        1       1
                mediumconst                        7E00     7E00      200     3F00       0
                text36                             16B8     16B8      344        4       0
                text35                             19FC     19FC      2C0        4       0
                text34                             1336     1336      382        4       0
                text33                             1F60     1F60      15C        4       0
                text32                             22DE     22DE       E6        4       0
                text31                             28A0     28A0       70        4       0
                text30                             2C4C     2C4C       1C        4       0
                text29                             29D6     29D6       58        4       0
                text28                             2B14     2B14       3E        4       0
                text27                             2C86     2C86        A        4       0
                text26                             2C7C     2C7C        A        4       0
                text25                             2C30     2C30       1C        4       0
                text24                             2A7E     2A7E       4C        4       0
                text23                             282E     282E       72        4       0
                text22                             2C0C     2C0C       24        4       0
                text21                             2610     2610       96        4       0
                text20                             23C4     23C4       E0        4       0
                text19                             2B8A     2B8A       34        4       0
                text18                             2ACA     2ACA       4A        4       0
                text17                             24A4     24A4       D4        4       0
                text16                             26A6     26A6       90        4       0
                text15                             27BA     27BA       74        4       0
                text14                             2BBE     2BBE       2A        4       0
                text13                             21D2     21D2      10C        4       0
                text12                             20BC     20BC      116        4       0
                text11                             2976     2976       60        4       0
                text10                             2A2E     2A2E       50        4       0
                text9                              1CBC     1CBC      2A4        4       0
                text8                              2BE8     2BE8       24        4       0
                text7                              2578     2578       98        4       0
                text6                              2736     2736       84        4       0
                text5                               F26      F26      410        4       0
                text4                                22       22      A64        4       0
                text3                              2C72     2C72        A        4       0
                text2                              2910     2910       66        4       0
                text1                              2C68     2C68        A        4       0
                text0                               A86      A86      4A0        4       0
                cstackCOMRAM                          1        1       75        1       1
                cstackBANK0                          80       80       51       80       1
                bssBANK1                            100      100       32      100       1
                dataBANK0                            F1       F1        1       80       1
                bssBANK0                             D1       D1       20       80       1
                cinit                              2B52     2B52       38        4       0
                idataBANK0                         2C92     2C92        1        4       0

TOTAL           Name                               Link     Load   Length     Space
        CLASS   STACK          

        CLASS   CODE           
                intcode                               8        8       16         0
                text                               2C90     2C90        2         0
                init                                 1E       1E        4         0
                reset_vec                             0        0        6         0
                text36                             16B8     16B8      344         0
                text35                             19FC     19FC      2C0         0
                text34                             1336     1336      382         0
                text33                             1F60     1F60      15C         0
                text32                             22DE     22DE       E6         0
                text31                             28A0     28A0       70         0
                text30                             2C4C     2C4C       1C         0
                text29                             29D6     29D6       58         0
                text28                             2B14     2B14       3E         0
                text27                             2C86     2C86        A         0
                text26                             2C7C     2C7C        A         0
                text25                             2C30     2C30       1C         0
                text24                             2A7E     2A7E       4C         0
                text23                             282E     282E       72         0
                text22                             2C0C     2C0C       24         0
                text21                             2610     2610       96         0
                text20                             23C4     23C4       E0         0
                text19                             2B8A     2B8A       34         0
                text18                             2ACA     2ACA       4A         0
                text17                             24A4     24A4       D4         0
                text16                             26A6     26A6       90         0
                text15                             27BA     27BA       74         0
                text14                             2BBE     2BBE       2A         0
                text13                             21D2     21D2      10C         0
                text12                             20BC     20BC      116         0
                text11                             2976     2976       60         0
                text10                             2A2E     2A2E       50         0
                text9                              1CBC     1CBC      2A4         0
                text8                              2BE8     2BE8       24         0
                text7                              2578     2578       98         0
                text6                              2736     2736       84         0
                text5                               F26      F26      410         0
                text4                                22       22      A64         0
                text3                              2C72     2C72        A         0
                text2                              2910     2910       66         0
                text1                              2C68     2C68        A         0
                text0                               A86      A86      4A0         0
                cinit                              2B52     2B52       38         0
                idataBANK0                         2C92     2C92        1         0

        CLASS   CONST          

        CLASS   SMALLCONST     

        CLASS   MEDIUMCONST    
                mediumconst                        7E00     7E00      200         0

        CLASS   COMRAM         
                temp                                 76       76        1         1
                cstackCOMRAM                          1        1       75         1

        CLASS   ABS1           

        CLASS   BIGRAM         

        CLASS   RAM            

        CLASS   BANK0          
                cstackBANK0                          80       80       51         1
                dataBANK0                            F1       F1        1         1
                bssBANK0                             D1       D1       20         1

        CLASS   BANK1          
                bssBANK1                            100      100       32         1

        CLASS   BANK2          

        CLASS   BANK3          

        CLASS   BANK4          

        CLASS   BANK5          

        CLASS   SFR            

        CLASS   FARRAM         

        CLASS   CONFIG         
                config                           300000   300000        E         0

        CLASS   IDLOC          
                idloc                            200000   200000        8         0

        CLASS   EEDATA         



SEGMENTS        Name                           Load    Length   Top    Selector   Space  Class

                reset_vec                      000000  000006  000006         0       0  CODE    
                cstackCOMRAM                   000001  000076  000077         1       1  COMRAM  
                intcode                        000008  002C8B  002C93         4       0  CODE    
                cstackBANK0                    000080  000072  0000F2        80       1  BANK0   
                bssBANK1                       000100  000032  000132       100       1  BANK1   
                mediumconst                    007E00  000200  008000      3F00       0  MEDIUMCO
                idloc                          200000  000008  200008    200000       0  IDLOC   
                config                         300000  00000E  30000E    300000       0  CONFIG  


UNUSED ADDRESS RANGES

        Name                Unused          Largest block    Delta
        BANK0            0000F2-0000FF                E
        BANK1            000132-0001FF               CE
        BANK2            000200-0002FF              100
        BANK3            000300-0003FF              100
        BANK4            000400-0004FF              100
        BANK5            000500-0005FF              100
        BIGRAM           000077-00007F                9
                         0000F2-0000FF                E
                         000132-0005FF              4CE
        CODE             000006-000007                2
                         002C93-007DFF             136D
        COMRAM           000077-00007F                9
        CONST            000006-000007                2
                         002C93-007DFF             516D
        EEDATA           F00000-F000FF              100
        MEDIUMCONST      002C93-007DFF             516D
        RAM              0000F2-0000FF                E
                         000132-0005FF              100
        SFR              000F80-000FFF               80
        SMALLCONST       002C93-007DFF              100
        STACK            000132-0005FF              4CE

                                  Symbol Table

?___awdiv                                                                cstackCOMRAM 000007
?___awmod                                                                cstackCOMRAM 000001
?___fladd                                                                cstackCOMRAM 000035
?___fldiv                                                                cstackCOMRAM 000028
?___flmul                                                                cstackCOMRAM 00000F
?___flneg                                                                cstackCOMRAM 000001
?___flsub                                                                cstackCOMRAM 000045
?___fltol                                                                cstackCOMRAM 000031
?___lldiv                                                                cstackCOMRAM 000001
?___llmod                                                                cstackCOMRAM 000001
?___lwdiv                                                                cstackCOMRAM 000006
?___lwmod                                                                cstackCOMRAM 000001
?___wmul                                                                 cstackCOMRAM 000001
?___xxtofl                                                               cstackCOMRAM 000001
?__div_to_l_                                                             cstackCOMRAM 000001
?__tdiv_to_l_                                                            cstackCOMRAM 000001
?_fround                                                                 cstackCOMRAM 000028
?_get_temp                                                               cstackCOMRAM 000045
?_get_voltage                                                            cstackCOMRAM 000041
?_scale                                                                  cstackCOMRAM 000028
?_sprintf                                                                cstackCOMRAM 00004D
?_strlen                                                                 cstackCOMRAM 000001
R_D@dato                                                                 cstackCOMRAM 000001
R_I@dato                                                                 cstackCOMRAM 000001
_ADCON0                                                                  (abs)        000FC2
_ADCON1                                                                  (abs)        000FC1
_ADRESH                                                                  (abs)        000FC4
_ADRESL                                                                  (abs)        000FC3
_GO_DONE                                                                 (abs)        007E12
_INTCON                                                                  (abs)        000FF2
_IPR1                                                                    (abs)        000F9F
_LATA                                                                    (abs)        000F89
_LATB                                                                    (abs)        000F8A
_LATC                                                                    (abs)        000F8B
_LATD                                                                    (abs)        000F8C
_LC3                                                                     (abs)        007C5B
_LC4                                                                     (abs)        007C5C
_PIE1                                                                    (abs)        000F9D
_PIR1                                                                    (abs)        000F9E
_PIR1bits                                                                (abs)        000F9E
_PORTA                                                                   (abs)        000F80
_PORTB                                                                   (abs)        000F81
_PORTC                                                                   (abs)        000F82
_PORTD                                                                   (abs)        000F83
_RCONbits                                                                (abs)        000FD0
_RCREG                                                                   (abs)        000FAE
_RCSTA                                                                   (abs)        000FAB
_R_D                                                                     text25       002C30
_R_I                                                                     text30       002C4C
_SPBRG                                                                   (abs)        000FAF
_TRISA                                                                   (abs)        000F92
_TRISB                                                                   (abs)        000F93
_TRISC                                                                   (abs)        000F94
_TRISD                                                                   (abs)        000F95
_TXREG                                                                   (abs)        000FAD
_TXSTA                                                                   (abs)        000FAC
_TXSTAbits                                                               (abs)        000FAC
__CFG_BOR$OFF                                                            (abs)        000000
__CFG_LVP$OFF                                                            (abs)        000000
__CFG_OSC$XT                                                             (abs)        000000
__CFG_PWRT$ON                                                            (abs)        000000
__CFG_WDT$OFF                                                            (abs)        000000
__HRAM                                                                   (abs)        000000
__Habs1                                                                  abs1         000000
__Hbank0                                                                 bank0        000000
__Hbank1                                                                 bank1        000000
__Hbank2                                                                 bank2        000000
__Hbank3                                                                 bank3        000000
__Hbank4                                                                 bank4        000000
__Hbank5                                                                 bank5        000000
__Hbigbss                                                                bigbss       000000
__Hbigdata                                                               bigdata      000000
__Hbigram                                                                bigram       000000
__Hbss                                                                   bss          000000
__HbssBANK0                                                              bssBANK0     000000
__HbssBANK1                                                              bssBANK1     000000
__Hcinit                                                                 cinit        000000
__Hclrtext                                                               clrtext      000000
__Hcomram                                                                comram       000000
__Hconfig                                                                config       30000E
__Hconst                                                                 const        000000
__HcstackBANK0                                                           cstackBANK0  000000
__HcstackCOMRAM                                                          cstackCOMRAM 000000
__Hdata                                                                  data         000000
__HdataBANK0                                                             dataBANK0    000000
__Heeprom_data                                                           eeprom_data  000000
__Hfarbss                                                                farbss       000000
__Hfardata                                                               fardata      000000
__Hibigdata                                                              ibigdata     000000
__Hidata                                                                 idata        000000
__HidataBANK0                                                            idataBANK0   000000
__Hidloc                                                                 idloc        200008
__Hifardata                                                              ifardata     000000
__Hinit                                                                  init         000022
__Hintcode                                                               intcode      00001E
__Hintcode_body                                                          intcode_body 000000
__Hintcodelo                                                             intcodelo    00001E
__Hintentry                                                              intentry     000000
__Hintret                                                                intret       000000
__Hintsave_regs                                                          intsave_regs 000000
__Hirdata                                                                irdata       000000
__Hmediumconst                                                           mediumconst  008000
__HnvFARRAM                                                              nvFARRAM     000000
__Hnvbit                                                                 nvbit        000000
__Hnvrram                                                                nvrram       000000
__Hparam                                                                 rparam       000000
__Hpowerup                                                               powerup      00001E
__Hram                                                                   ram          000000
__Hramtop                                                                ramtop       000600
__Hrbit                                                                  rbit         000000
__Hrbss                                                                  rbss         000000
__Hrdata                                                                 rdata        000000
__Hreset_vec                                                             reset_vec    000006
__Hrparam                                                                rparam       000000
__Hsfr                                                                   sfr          000000
__Hsmallconst                                                            smallconst   000000
__Hspace_0                                                               (abs)        30000E
__Hspace_1                                                               (abs)        000132
__Hspace_2                                                               (abs)        000000
__Hstack                                                                 stack        000000
__Hstruct                                                                struct       000000
__Htemp                                                                  temp         000077
__Htext                                                                  text         000000
__Htext0                                                                 text0        000000
__Htext1                                                                 text1        000000
__Htext10                                                                text10       000000
__Htext11                                                                text11       000000
__Htext12                                                                text12       000000
__Htext13                                                                text13       000000
__Htext14                                                                text14       000000
__Htext15                                                                text15       000000
__Htext16                                                                text16       000000
__Htext17                                                                text17       000000
__Htext18                                                                text18       000000
__Htext19                                                                text19       000000
__Htext2                                                                 text2        000000
__Htext20                                                                text20       000000
__Htext21                                                                text21       000000
__Htext22                                                                text22       000000
__Htext23                                                                text23       000000
__Htext24                                                                text24       000000
__Htext25                                                                text25       000000
__Htext26                                                                text26       000000
__Htext27                                                                text27       000000
__Htext28                                                                text28       000000
__Htext29                                                                text29       000000
__Htext3                                                                 text3        000000
__Htext30                                                                text30       000000
__Htext31                                                                text31       000000
__Htext32                                                                text32       000000
__Htext33                                                                text33       000000
__Htext34                                                                text34       000000
__Htext35                                                                text35       000000
__Htext36                                                                text36       000000
__Htext4                                                                 text4        000000
__Htext5                                                                 text5        000000
__Htext6                                                                 text6        000000
__Htext7                                                                 text7        000000
__Htext8                                                                 text8        000000
__Htext9                                                                 text9        000000
__LRAM                                                                   (abs)        000001
__Labs1                                                                  abs1         000000
__Lbank0                                                                 bank0        000000
__Lbank1                                                                 bank1        000000
__Lbank2                                                                 bank2        000000
__Lbank3                                                                 bank3        000000
__Lbank4                                                                 bank4        000000
__Lbank5                                                                 bank5        000000
__Lbigbss                                                                bigbss       000000
__Lbigdata                                                               bigdata      000000
__Lbigram                                                                bigram       000000
__Lbss                                                                   bss          000000
__LbssBANK0                                                              bssBANK0     000000
__LbssBANK1                                                              bssBANK1     000000
__Lcinit                                                                 cinit        000000
__Lclrtext                                                               clrtext      000000
__Lcomram                                                                comram       000000
__Lconfig                                                                config       300000
__Lconst                                                                 const        000000
__LcstackBANK0                                                           cstackBANK0  000000
__LcstackCOMRAM                                                          cstackCOMRAM 000000
__Ldata                                                                  data         000000
__LdataBANK0                                                             dataBANK0    000000
__Leeprom_data                                                           eeprom_data  000000
__Lfarbss                                                                farbss       000000
__Lfardata                                                               fardata      000000
__Libigdata                                                              ibigdata     000000
__Lidata                                                                 idata        000000
__LidataBANK0                                                            idataBANK0   000000
__Lidloc                                                                 idloc        200000
__Lifardata                                                              ifardata     000000
__Linit                                                                  init         00001E
__Lintcode                                                               intcode      000008
__Lintcode_body                                                          intcode_body 000000
__Lintcodelo                                                             intcodelo    00001E
__Lintentry                                                              intentry     000000
__Lintret                                                                intret       000000
__Lintsave_regs                                                          intsave_regs 000000
__Lirdata                                                                irdata       000000
__Lmediumconst                                                           mediumconst  007E00
__LnvFARRAM                                                              nvFARRAM     000000
__Lnvbit                                                                 nvbit        000000
__Lnvrram                                                                nvrram       000000
__Lparam                                                                 rparam       000000
__Lpowerup                                                               powerup      00001E
__Lram                                                                   ram          000000
__Lramtop                                                                ramtop       000600
__Lrbit                                                                  rbit         000000
__Lrbss                                                                  rbss         000000
__Lrdata                                                                 rdata        000000
__Lreset_vec                                                             reset_vec    000000
__Lrparam                                                                rparam       000000
__Lsfr                                                                   sfr          000000
__Lsmallconst                                                            smallconst   000000
__Lspace_0                                                               (abs)        000000
__Lspace_1                                                               (abs)        000000
__Lspace_2                                                               (abs)        000000
__Lstack                                                                 stack        000000
__Lstruct                                                                struct       000000
__Ltemp                                                                  temp         000076
__Ltext                                                                  text         000000
__Ltext0                                                                 text0        000000
__Ltext1                                                                 text1        000000
__Ltext10                                                                text10       000000
__Ltext11                                                                text11       000000
__Ltext12                                                                text12       000000
__Ltext13                                                                text13       000000
__Ltext14                                                                text14       000000
__Ltext15                                                                text15       000000
__Ltext16                                                                text16       000000
__Ltext17                                                                text17       000000
__Ltext18                                                                text18       000000
__Ltext19                                                                text19       000000
__Ltext2                                                                 text2        000000
__Ltext20                                                                text20       000000
__Ltext21                                                                text21       000000
__Ltext22                                                                text22       000000
__Ltext23                                                                text23       000000
__Ltext24                                                                text24       000000
__Ltext25                                                                text25       000000
__Ltext26                                                                text26       000000
__Ltext27                                                                text27       000000
__Ltext28                                                                text28       000000
__Ltext29                                                                text29       000000
__Ltext3                                                                 text3        000000
__Ltext30                                                                text30       000000
__Ltext31                                                                text31       000000
__Ltext32                                                                text32       000000
__Ltext33                                                                text33       000000
__Ltext34                                                                text34       000000
__Ltext35                                                                text35       000000
__Ltext36                                                                text36       000000
__Ltext4                                                                 text4        000000
__Ltext5                                                                 text5        000000
__Ltext6                                                                 text6        000000
__Ltext7                                                                 text7        000000
__Ltext8                                                                 text8        000000
__Ltext9                                                                 text9        000000
__S0                                                                     (abs)        30000E
__S1                                                                     (abs)        000132
__S2                                                                     (abs)        000000
___awdiv                                                                 text7        002578
___awdiv@counter                                                         cstackCOMRAM 00000B
___awdiv@dividend                                                        cstackCOMRAM 000007
___awdiv@divisor                                                         cstackCOMRAM 000009
___awdiv@quotient                                                        cstackCOMRAM 00000D
___awdiv@sign                                                            cstackCOMRAM 00000C
___awmod                                                                 text6        002736
___awmod@counter                                                         cstackCOMRAM 000005
___awmod@dividend                                                        cstackCOMRAM 000001
___awmod@divisor                                                         cstackCOMRAM 000003
___awmod@sign                                                            cstackCOMRAM 000006
___fladd                                                                 text36       0016B8
___fladd@a                                                               cstackCOMRAM 000039
___fladd@aexp                                                            cstackCOMRAM 000042
___fladd@b                                                               cstackCOMRAM 000035
___fladd@bexp                                                            cstackCOMRAM 000043
___fladd@grs                                                             cstackCOMRAM 000044
___fladd@signs                                                           cstackCOMRAM 000041
___fldiv                                                                 text35       0019FC
___fldiv@a                                                               cstackCOMRAM 00002C
___fldiv@aexp                                                            cstackCOMRAM 000040
___fldiv@b                                                               cstackCOMRAM 000028
___fldiv@bexp                                                            cstackCOMRAM 00003F
___fldiv@grs                                                             cstackCOMRAM 00003B
___fldiv@new_exp                                                         cstackCOMRAM 000039
___fldiv@rem                                                             cstackCOMRAM 000034
___fldiv@sign                                                            cstackCOMRAM 000038
___fleq                                                                  text21       002610
___fleq@ff1                                                              cstackCOMRAM 000001
___fleq@ff2                                                              cstackCOMRAM 000005
___flge                                                                  text20       0023C4
___flge@ff1                                                              cstackCOMRAM 000001
___flge@ff2                                                              cstackCOMRAM 000005
___flmul                                                                 text34       001336
___flmul@a                                                               cstackCOMRAM 000013
___flmul@aexp                                                            cstackCOMRAM 000020
___flmul@b                                                               cstackCOMRAM 00000F
___flmul@bexp                                                            cstackCOMRAM 000021
___flmul@grs                                                             cstackCOMRAM 00001C
___flmul@prod                                                            cstackCOMRAM 000022
___flmul@sign                                                            cstackCOMRAM 00001B
___flmul@temp                                                            cstackCOMRAM 000026
___flneg                                                                 text19       002B8A
___flneg@f1                                                              cstackCOMRAM 000001
___flsub                                                                 text18       002ACA
___flsub@a                                                               cstackCOMRAM 000049
___flsub@b                                                               cstackCOMRAM 000045
___fltol                                                                 text17       0024A4
___fltol@exp1                                                            cstackCOMRAM 00003A
___fltol@f1                                                              cstackCOMRAM 000031
___fltol@sign1                                                           cstackCOMRAM 000039
___inthi_sp                                                              stack        000000
___intlo_sp                                                              stack        000000
___lldiv                                                                 text16       0026A6
___lldiv@counter                                                         cstackCOMRAM 00000D
___lldiv@dividend                                                        cstackCOMRAM 000001
___lldiv@divisor                                                         cstackCOMRAM 000005
___lldiv@quotient                                                        cstackCOMRAM 000009
___llmod                                                                 text15       0027BA
___llmod@counter                                                         cstackCOMRAM 000009
___llmod@dividend                                                        cstackCOMRAM 000001
___llmod@divisor                                                         cstackCOMRAM 000005
___lwdiv                                                                 text11       002976
___lwdiv@counter                                                         cstackCOMRAM 00000C
___lwdiv@dividend                                                        cstackCOMRAM 000006
___lwdiv@divisor                                                         cstackCOMRAM 000008
___lwdiv@quotient                                                        cstackCOMRAM 00000A
___lwmod                                                                 text10       002A2E
___lwmod@counter                                                         cstackCOMRAM 000005
___lwmod@dividend                                                        cstackCOMRAM 000001
___lwmod@divisor                                                         cstackCOMRAM 000003
___param_bank                                                            (abs)        000000
___rparam_used                                                           (abs)        000001
___sp                                                                    stack        000000
___wmul                                                                  text14       002BBE
___wmul@multiplicand                                                     cstackCOMRAM 000003
___wmul@multiplier                                                       cstackCOMRAM 000001
___wmul@product                                                          cstackCOMRAM 000005
___xxtofl                                                                text33       001F60
___xxtofl@arg                                                            cstackCOMRAM 00000B
___xxtofl@exp                                                            cstackCOMRAM 00000A
___xxtofl@sign                                                           cstackCOMRAM 000009
___xxtofl@val                                                            cstackCOMRAM 000001
__accesstop                                                              (abs)        000080
__activetblptr                                                           (abs)        000002
__cntErrataNOP_C:\Users\user\AppData\Local\Temp\seko.o                   (abs)        000001
__cntErrataNOP_dist/default/production\Laboratorio3_final.X.production.o (abs)        000198
__div_to_l_                                                              text13       0021D2
__div_to_l_@cntr                                                         cstackCOMRAM 00000D
__div_to_l_@exp1                                                         cstackCOMRAM 00000E
__div_to_l_@f1                                                           cstackCOMRAM 000001
__div_to_l_@f2                                                           cstackCOMRAM 000005
__div_to_l_@quot                                                         cstackCOMRAM 000009
__end_of_R_D                                                             text25       002C4C
__end_of_R_I                                                             text30       002C68
__end_of___awdiv                                                         text7        002610
__end_of___awmod                                                         text6        0027BA
__end_of___fladd                                                         text36       0019FC
__end_of___fldiv                                                         text35       001CBC
__end_of___fleq                                                          text21       0026A6
__end_of___flge                                                          text20       0024A4
__end_of___flmul                                                         text34       0016B8
__end_of___flneg                                                         text19       002BBE
__end_of___flsub                                                         text18       002B14
__end_of___fltol                                                         text17       002578
__end_of___lldiv                                                         text16       002736
__end_of___llmod                                                         text15       00282E
__end_of___lwdiv                                                         text11       0029D6
__end_of___lwmod                                                         text10       002A7E
__end_of___wmul                                                          text14       002BE8
__end_of___xxtofl                                                        text33       0020BC
__end_of__div_to_l_                                                      text13       0022DE
__end_of__initialization                                                 cinit        002B7C
__end_of__npowers_                                                       mediumconst  007E69
__end_of__powers_                                                        mediumconst  007E35
__end_of__tdiv_to_l_                                                     text12       0021D2
__end_of_capture                                                         intcode      00001E
__end_of_dpowers                                                         mediumconst  007E91
__end_of_fround                                                          text9        001F60
__end_of_get_temp                                                        text32       0023C4
__end_of_get_voltage                                                     text31       002910
__end_of_init_LCD                                                        text29       002A2E
__end_of_initial_config                                                  text28       002B52
__end_of_isdigit                                                         text8        002C0C
__end_of_light_the_bulb                                                  text27       002C90
__end_of_light_the_bulb_and_start_engine                                 text26       002C86
__end_of_main                                                            text0        000F26
__end_of_print_message_onLCD                                             text23       0028A0
__end_of_scale                                                           text5        001336
__end_of_serial_transmi_init_config                                      text22       002C30
__end_of_sprintf                                                         text4        000A86
__end_of_start_engine                                                    text3        002C7C
__end_of_strlen                                                          text24       002ACA
__end_of_transmit                                                        text2        002976
__end_of_turn_off_everything                                             text1        002C72
__initialization                                                         cinit        002B52
__mediumconst                                                            mediumconst  007E00
__npowers_                                                               mediumconst  007E35
__pbssBANK0                                                              bssBANK0     0000D1
__pbssBANK1                                                              bssBANK1     000100
__pcinit                                                                 cinit        002B52
__pcstackBANK0                                                           cstackBANK0  000080
__pcstackCOMRAM                                                          cstackCOMRAM 000001
__pdataBANK0                                                             dataBANK0    0000F1
__pidataBANK0                                                            idataBANK0   002C92
__pintcode                                                               intcode      000008
__pmediumconst                                                           mediumconst  007E00
__powers_                                                                mediumconst  007E01
__ptext0                                                                 text0        000A86
__ptext1                                                                 text1        002C68
__ptext10                                                                text10       002A2E
__ptext11                                                                text11       002976
__ptext12                                                                text12       0020BC
__ptext13                                                                text13       0021D2
__ptext14                                                                text14       002BBE
__ptext15                                                                text15       0027BA
__ptext16                                                                text16       0026A6
__ptext17                                                                text17       0024A4
__ptext18                                                                text18       002ACA
__ptext19                                                                text19       002B8A
__ptext2                                                                 text2        002910
__ptext20                                                                text20       0023C4
__ptext21                                                                text21       002610
__ptext22                                                                text22       002C0C
__ptext23                                                                text23       00282E
__ptext24                                                                text24       002A7E
__ptext25                                                                text25       002C30
__ptext26                                                                text26       002C7C
__ptext27                                                                text27       002C86
__ptext28                                                                text28       002B14
__ptext29                                                                text29       0029D6
__ptext3                                                                 text3        002C72
__ptext30                                                                text30       002C4C
__ptext31                                                                text31       0028A0
__ptext32                                                                text32       0022DE
__ptext33                                                                text33       001F60
__ptext34                                                                text34       001336
__ptext35                                                                text35       0019FC
__ptext36                                                                text36       0016B8
__ptext4                                                                 text4        000022
__ptext5                                                                 text5        000F26
__ptext6                                                                 text6        002736
__ptext7                                                                 text7        002578
__ptext8                                                                 text8        002BE8
__ptext9                                                                 text9        001CBC
__ramtop                                                                 ramtop       000600
__size_of_R_D                                                            (abs)        000000
__size_of_R_I                                                            (abs)        000000
__size_of___awdiv                                                        (abs)        000000
__size_of___awmod                                                        (abs)        000000
__size_of___fladd                                                        (abs)        000000
__size_of___fldiv                                                        (abs)        000000
__size_of___fleq                                                         (abs)        000000
__size_of___flge                                                         (abs)        000000
__size_of___flmul                                                        (abs)        000000
__size_of___flneg                                                        (abs)        000000
__size_of___flsub                                                        (abs)        000000
__size_of___fltol                                                        (abs)        000000
__size_of___lldiv                                                        (abs)        000000
__size_of___llmod                                                        (abs)        000000
__size_of___lwdiv                                                        (abs)        000000
__size_of___lwmod                                                        (abs)        000000
__size_of___wmul                                                         (abs)        000000
__size_of___xxtofl                                                       (abs)        000000
__size_of__div_to_l_                                                     (abs)        000000
__size_of__tdiv_to_l_                                                    (abs)        000000
__size_of_capture                                                        (abs)        000000
__size_of_fround                                                         (abs)        000000
__size_of_get_temp                                                       (abs)        000000
__size_of_get_voltage                                                    (abs)        000000
__size_of_init_LCD                                                       (abs)        000000
__size_of_initial_config                                                 (abs)        000000
__size_of_isdigit                                                        (abs)        000000
__size_of_light_the_bulb                                                 (abs)        000000
__size_of_light_the_bulb_and_start_engine                                (abs)        000000
__size_of_main                                                           (abs)        000000
__size_of_print_message_onLCD                                            (abs)        000000
__size_of_scale                                                          (abs)        000000
__size_of_serial_transmi_init_config                                     (abs)        000000
__size_of_sprintf                                                        (abs)        000000
__size_of_start_engine                                                   (abs)        000000
__size_of_strlen                                                         (abs)        000000
__size_of_transmit                                                       (abs)        000000
__size_of_turn_off_everything                                            (abs)        000000
__smallconst                                                             smallconst   000000
__tdiv_to_l_                                                             text12       0020BC
__tdiv_to_l_@cntr                                                        cstackCOMRAM 000010
__tdiv_to_l_@exp1                                                        cstackCOMRAM 000011
__tdiv_to_l_@f1                                                          cstackCOMRAM 000001
__tdiv_to_l_@f2                                                          cstackCOMRAM 000005
__tdiv_to_l_@quot                                                        cstackCOMRAM 00000C
_alert_sent                                                              bssBANK0     0000EE
_capture                                                                 intcode      000008
_data_received                                                           bssBANK0     0000F0
_dpowers                                                                 mediumconst  007E69
_first_execution                                                         dataBANK0    0000F1
_fround                                                                  text9        001CBC
_fround$1081                                                             cstackCOMRAM 000030
_fround$1082                                                             cstackCOMRAM 00002C
_get_temp                                                                text32       0022DE
_get_voltage                                                             text31       0028A0
_init_LCD                                                                text29       0029D6
_initial_config                                                          text28       002B14
_isdigit                                                                 text8        002BE8
_isdigit$897                                                             cstackCOMRAM 000002
_light_the_bulb                                                          text27       002C86
_light_the_bulb_and_start_engine                                         text26       002C7C
_main                                                                    text0        000A86
_main$308                                                                cstackBANK0  0000C6
_main$316                                                                cstackBANK0  0000CB
_main$320                                                                cstackBANK0  0000CC
_main$324                                                                cstackBANK0  0000CD
_main$327                                                                cstackBANK0  0000C8
_message_alert                                                           bssBANK1     000100
_print_message_onLCD                                                     text23       00282E
_scale                                                                   text5        000F26
_scale$1083                                                              cstackCOMRAM 00002C
_send_alert                                                              bssBANK0     0000EF
_serial_transmi_init_config                                              text22       002C0C
_sprintf                                                                 text4        000022
_sprintf$1084                                                            cstackCOMRAM 000059
_start_engine                                                            text3        002C72
_strlen                                                                  text24       002A7E
_temp                                                                    bssBANK0     0000E5
_transmit                                                                text2        002910
_turn_off_everything                                                     text1        002C68
_volt                                                                    bssBANK0     0000E9
_w_alert_sent                                                            bssBANK0     0000ED
btemp                                                                    temp         000076
end_of_initialization                                                    cinit        002B7C
fround@prec                                                              cstackCOMRAM 000034
get_temp@ac_in                                                           cstackCOMRAM 000045
get_temp@r                                                               cstackCOMRAM 000049
get_voltage@ac_in                                                        cstackCOMRAM 000041
int$flags                                                                temp         000076
intlevel0                                                                text         002C90
intlevel1                                                                text         002C90
intlevel2                                                                text         002C90
intlevel3                                                                text         002C90
isdigit@c                                                                cstackCOMRAM 000003
main@_temp                                                               cstackBANK0  000099
main@_volt                                                               cstackBANK0  000080
main@canal                                                               cstackBANK0  0000D0
main@in                                                                  cstackBANK0  0000CE
main@line                                                                cstackBANK0  0000CA
main@message                                                             cstackBANK0  0000B2
print_message_onLCD@i                                                    cstackCOMRAM 00000A
print_message_onLCD@message                                              cstackCOMRAM 000005
print_message_onLCD@place                                                cstackCOMRAM 000007
scale@scl                                                                cstackCOMRAM 000030
sprintf@ap                                                               cstackCOMRAM 00005D
sprintf@c                                                                cstackCOMRAM 000073
sprintf@eexp                                                             cstackCOMRAM 000067
sprintf@f                                                                cstackCOMRAM 00004F
sprintf@flag                                                             cstackCOMRAM 000069
sprintf@fval                                                             cstackCOMRAM 00006D
sprintf@prec                                                             cstackCOMRAM 000071
sprintf@sp                                                               cstackCOMRAM 00004D
sprintf@tmpval                                                           cstackCOMRAM 000063
sprintf@val                                                              cstackCOMRAM 00005F
sprintf@width                                                            cstackCOMRAM 00006B
stackhi                                                                  (abs)        0005FF
stacklo                                                                  (abs)        000132
start                                                                    init         00001E
start_initialization                                                     cinit        002B52
strlen@cp                                                                cstackCOMRAM 000003
strlen@s                                                                 cstackCOMRAM 000001
transmit@i                                                               cstackCOMRAM 000009
transmit@response                                                        cstackCOMRAM 000005
ttemp5                                                                   temp         000077
ttemp6                                                                   temp         00007A
ttemp7                                                                   temp         00007E
wtemp8                                                                   temp         000077


FUNCTION INFORMATION:

 *************** function _main *****************
 Defined at:
		line 46 in file "main.c"
 Parameters:    Size  Location     Type
		None
 Auto vars:     Size  Location     Type
  _temp          25   25[BANK0 ] unsigned char [25]
  _volt          25    0[BANK0 ] unsigned char [25]
  line            1   74[BANK0 ] unsigned char 
  message        20   50[BANK0 ] unsigned char [20]
  in              2   78[BANK0 ] unsigned int 
  canal           1   80[BANK0 ] unsigned char 
 Return value:  Size  Location     Type
                  1    wreg      void 
 Registers used:
		wreg, fsr0l, fsr0h, fsr2l, fsr2h, status,2, status,0, tblptrl, tblptrh, tblptru, prodl, prodh, cstack
 Tracked objects:
		On entry : 
		On exit  : 
		Unchanged: 
 Data sizes:     COMRAM   BANK0   BANK1   BANK2   BANK3   BANK4   BANK5
      Params:         0       0       0       0       0       0       0
      Locals:         0      81       0       0       0       0       0
      Temps:          2       0       0       0       0       0       0
      Totals:         2      81       0       0       0       0       0
Total ram usage:       83 bytes
 Hardware stack levels required when called:    4
 This function calls:
		_R_I
		___flge
		_get_temp
		_get_voltage
		_init_LCD
		_initial_config
		_light_the_bulb
		_light_the_bulb_and_start_engine
		_print_message_onLCD
		_serial_transmi_init_config
		_sprintf
		_start_engine
		_transmit
		_turn_off_everything
 This function is called by:
		Startup code after reset
 This function uses a non-reentrant model


 *************** function _turn_off_everything *****************
 Defined at:
		line 259 in file "main.c"
 Parameters:    Size  Location     Type
		None
 Auto vars:     Size  Location     Type
		None
 Return value:  Size  Location     Type
                  1    wreg      void 
 Registers used:
		wreg, status,2
 Tracked objects:
		On entry : 
		On exit  : 
		Unchanged: 
 Data sizes:     COMRAM   BANK0   BANK1   BANK2   BANK3   BANK4   BANK5
      Params:         0       0       0       0       0       0       0
      Locals:         0       0       0       0       0       0       0
      Temps:          0       0       0       0       0       0       0
      Totals:         0       0       0       0       0       0       0
Total ram usage:        0 bytes
 Hardware stack levels used:    1
 Hardware stack levels required when called:    1
 This function calls:
		Nothing
 This function is called by:
		_main
 This function uses a non-reentrant model


 *************** function _transmit *****************
 Defined at:
		line 285 in file "main.c"
 Parameters:    Size  Location     Type
  response        2    4[COMRAM] PTR unsigned char 
		 -> STR_21(2), STR_20(22), STR_19(26), STR_18(12), 
		 -> STR_17(18), STR_16(3), main@_temp(25), main@_volt(25), 
		 -> message_alert(50), 
 Auto vars:     Size  Location     Type
  i               1    8[COMRAM] unsigned char 
 Return value:  Size  Location     Type
                  1    wreg      void 
 Registers used:
		wreg, fsr0l, fsr0h, status,2, status,0, tblptrl, tblptrh, tblptru, cstack
 Tracked objects:
		On entry : 
		On exit  : 
		Unchanged: 
 Data sizes:     COMRAM   BANK0   BANK1   BANK2   BANK3   BANK4   BANK5
      Params:         2       0       0       0       0       0       0
      Locals:         1       0       0       0       0       0       0
      Temps:          2       0       0       0       0       0       0
      Totals:         5       0       0       0       0       0       0
Total ram usage:        5 bytes
 Hardware stack levels used:    1
 Hardware stack levels required when called:    2
 This function calls:
		_strlen
 This function is called by:
		_main
 This function uses a non-reentrant model


 *************** function _start_engine *****************
 Defined at:
		line 267 in file "main.c"
 Parameters:    Size  Location     Type
		None
 Auto vars:     Size  Location     Type
		None
 Return value:  Size  Location     Type
                  1    wreg      void 
 Registers used:
		wreg, status,2
 Tracked objects:
		On entry : 
		On exit  : 
		Unchanged: 
 Data sizes:     COMRAM   BANK0   BANK1   BANK2   BANK3   BANK4   BANK5
      Params:         0       0       0       0       0       0       0
      Locals:         0       0       0       0       0       0       0
      Temps:          0       0       0       0       0       0       0
      Totals:         0       0       0       0       0       0       0
Total ram usage:        0 bytes
 Hardware stack levels used:    1
 Hardware stack levels required when called:    1
 This function calls:
		Nothing
 This function is called by:
		_main
 This function uses a non-reentrant model


 *************** function _sprintf *****************
 Defined at:
		line 500 in file "C:\Program Files (x86)\Microchip\xc8\v2.05\pic\sources\c90\common\doprnt.c"
 Parameters:    Size  Location     Type
  sp              2   76[COMRAM] PTR unsigned char 
		 -> main@_temp(25), main@_volt(25), message_alert(50), main@message(20), 
  f               2   78[COMRAM] PTR const unsigned char 
		 -> STR_15(21), STR_14(17), STR_13(24), STR_10(33), 
		 -> STR_7(24), STR_4(19), STR_3(19), 
 Auto vars:     Size  Location     Type
  fval            4  108[COMRAM] PTR const unsigned char 
  tmpval          4   98[COMRAM] struct .
  val             4   94[COMRAM] unsigned long 
  cp              3    0        PTR const unsigned char 
  prec            2  112[COMRAM] int 
  width           2  106[COMRAM] int 
  flag            2  104[COMRAM] unsigned short 
  eexp            2  102[COMRAM] int 
  ap              2   92[COMRAM] PTR void [1]
		 -> ?_sprintf(2), 
  len             2    0        unsigned int 
  c               1  114[COMRAM] unsigned char 
  d               1    0        unsigned char 
 Return value:  Size  Location     Type
                  2   76[COMRAM] int 
 Registers used:
		wreg, fsr2l, fsr2h, status,2, status,0, tblptrl, tblptrh, tblptru, prodl, prodh, cstack
 Tracked objects:
		On entry : 
		On exit  : 
		Unchanged: 
 Data sizes:     COMRAM   BANK0   BANK1   BANK2   BANK3   BANK4   BANK5
      Params:         8       0       0       0       0       0       0
      Locals:        27       0       0       0       0       0       0
      Temps:          4       0       0       0       0       0       0
      Totals:        39       0       0       0       0       0       0
Total ram usage:       39 bytes
 Hardware stack levels used:    1
 Hardware stack levels required when called:    3
 This function calls:
		___awdiv
		___fladd
		___fleq
		___flge
		___flmul
		___flneg
		___flsub
		___fltol
		___lldiv
		___llmod
		___wmul
		___xxtofl
		__div_to_l_
		__tdiv_to_l_
		_fround
		_isdigit
		_scale
 This function is called by:
		_main
 This function uses a non-reentrant model


 *************** function _scale *****************
 Defined at:
		line 433 in file "C:\Program Files (x86)\Microchip\xc8\v2.05\pic\sources\c90\common\doprnt.c"
 Parameters:    Size  Location     Type
  scl             1    wreg     char 
 Auto vars:     Size  Location     Type
  scl             1   47[COMRAM] char 
 Return value:  Size  Location     Type
                  4   39[COMRAM] char 
 Registers used:
		wreg, status,2, status,0, tblptrl, tblptrh, tblptru, prodl, prodh, cstack
 Tracked objects:
		On entry : 
		On exit  : 
		Unchanged: 
 Data sizes:     COMRAM   BANK0   BANK1   BANK2   BANK3   BANK4   BANK5
      Params:         4       0       0       0       0       0       0
      Locals:         5       0       0       0       0       0       0
      Temps:          0       0       0       0       0       0       0
      Totals:         9       0       0       0       0       0       0
Total ram usage:        9 bytes
 Hardware stack levels used:    1
 Hardware stack levels required when called:    2
 This function calls:
		___awdiv
		___awmod
		___flmul
 This function is called by:
		_sprintf
 This function uses a non-reentrant model


 *************** function ___awmod *****************
 Defined at:
		line 7 in file "C:\Program Files (x86)\Microchip\xc8\v2.05\pic\sources\c90\common\awmod.c"
 Parameters:    Size  Location     Type
  dividend        2    0[COMRAM] int 
  divisor         2    2[COMRAM] int 
 Auto vars:     Size  Location     Type
  sign            1    5[COMRAM] unsigned char 
  counter         1    4[COMRAM] unsigned char 
 Return value:  Size  Location     Type
                  2    0[COMRAM] int 
 Registers used:
		wreg, status,2, status,0
 Tracked objects:
		On entry : 
		On exit  : 
		Unchanged: 
 Data sizes:     COMRAM   BANK0   BANK1   BANK2   BANK3   BANK4   BANK5
      Params:         4       0       0       0       0       0       0
      Locals:         2       0       0       0       0       0       0
      Temps:          0       0       0       0       0       0       0
      Totals:         6       0       0       0       0       0       0
Total ram usage:        6 bytes
 Hardware stack levels used:    1
 Hardware stack levels required when called:    1
 This function calls:
		Nothing
 This function is called by:
		_scale
 This function uses a non-reentrant model


 *************** function ___awdiv *****************
 Defined at:
		line 7 in file "C:\Program Files (x86)\Microchip\xc8\v2.05\pic\sources\c90\common\awdiv.c"
 Parameters:    Size  Location     Type
  dividend        2    6[COMRAM] int 
  divisor         2    8[COMRAM] int 
 Auto vars:     Size  Location     Type
  quotient        2   12[COMRAM] int 
  sign            1   11[COMRAM] unsigned char 
  counter         1   10[COMRAM] unsigned char 
 Return value:  Size  Location     Type
                  2    6[COMRAM] int 
 Registers used:
		wreg, status,2, status,0
 Tracked objects:
		On entry : 
		On exit  : 
		Unchanged: 
 Data sizes:     COMRAM   BANK0   BANK1   BANK2   BANK3   BANK4   BANK5
      Params:         4       0       0       0       0       0       0
      Locals:         4       0       0       0       0       0       0
      Temps:          0       0       0       0       0       0       0
      Totals:         8       0       0       0       0       0       0
Total ram usage:        8 bytes
 Hardware stack levels used:    1
 Hardware stack levels required when called:    1
 This function calls:
		Nothing
 This function is called by:
		_scale
		_sprintf
 This function uses a non-reentrant model


 *************** function _isdigit *****************
 Defined at:
		line 8 in file "C:\Program Files (x86)\Microchip\xc8\v2.05\pic\sources\c90\common\isdigit.c"
 Parameters:    Size  Location     Type
  c               1    wreg     unsigned char 
 Auto vars:     Size  Location     Type
  c               1    2[COMRAM] unsigned char 
 Return value:  Size  Location     Type
		None               void
 Registers used:
		wreg, status,2, status,0
 Tracked objects:
		On entry : 
		On exit  : 
		Unchanged: 
 Data sizes:     COMRAM   BANK0   BANK1   BANK2   BANK3   BANK4   BANK5
      Params:         0       0       0       0       0       0       0
      Locals:         2       0       0       0       0       0       0
      Temps:          1       0       0       0       0       0       0
      Totals:         3       0       0       0       0       0       0
Total ram usage:        3 bytes
 Hardware stack levels used:    1
 Hardware stack levels required when called:    1
 This function calls:
		Nothing
 This function is called by:
		_sprintf
 This function uses a non-reentrant model


 *************** function _fround *****************
 Defined at:
		line 417 in file "C:\Program Files (x86)\Microchip\xc8\v2.05\pic\sources\c90\common\doprnt.c"
 Parameters:    Size  Location     Type
  prec            1    wreg     unsigned char 
 Auto vars:     Size  Location     Type
  prec            1   51[COMRAM] unsigned char 
 Return value:  Size  Location     Type
                  4   39[COMRAM] unsigned char 
 Registers used:
		wreg, status,2, status,0, tblptrl, tblptrh, tblptru, prodl, prodh, cstack
 Tracked objects:
		On entry : 
		On exit  : 
		Unchanged: 
 Data sizes:     COMRAM   BANK0   BANK1   BANK2   BANK3   BANK4   BANK5
      Params:         4       0       0       0       0       0       0
      Locals:         9       0       0       0       0       0       0
      Temps:          0       0       0       0       0       0       0
      Totals:        13       0       0       0       0       0       0
Total ram usage:       13 bytes
 Hardware stack levels used:    1
 Hardware stack levels required when called:    2
 This function calls:
		___flmul
		___lwdiv
		___lwmod
 This function is called by:
		_sprintf
 This function uses a non-reentrant model


 *************** function ___lwmod *****************
 Defined at:
[...]
 Auto vars:     Size  Location     Type
  dato            1    0[COMRAM] unsigned char 
 Return value:  Size  Location     Type
                  1    wreg      void 
 Registers used:
		wreg, status,2, cstack
 Tracked objects:
		On entry : 
		On exit  : 
		Unchanged: 
 Data sizes:     COMRAM   BANK0   BANK1   BANK2   BANK3   BANK4   BANK5
      Params:         0       0       0       0       0       0       0
      Locals:         1       0       0       0       0       0       0
      Temps:          0       0       0       0       0       0       0
      Totals:         1       0       0       0       0       0       0
Total ram usage:        1 bytes
 Hardware stack levels used:    1
 Hardware stack levels required when called:    1
 This function calls:
		Nothing
 This function is called by:
		_print_message_onLCD
 This function uses a non-reentrant model


 *************** function _light_the_bulb_and_start_engine *****************
 Defined at:
		line 271 in file "main.c"
 Parameters:    Size  Location     Type
		None
 Auto vars:     Size  Location     Type
		None
 Return value:  Size  Location     Type
                  1    wreg      void 
 Registers used:
		wreg, status,2
 Tracked objects:
		On entry : 
		On exit  : 
		Unchanged: 
 Data sizes:     COMRAM   BANK0   BANK1   BANK2   BANK3   BANK4   BANK5
      Params:         0       0       0       0       0       0       0
      Locals:         0       0       0       0       0       0       0
      Temps:          0       0       0       0       0       0       0
      Totals:         0       0       0       0       0       0       0
Total ram usage:        0 bytes
 Hardware stack levels used:    1
 Hardware stack levels required when called:    1
 This function calls:
		Nothing
 This function is called by:
		_main
 This function uses a non-reentrant model


 *************** function _light_the_bulb *****************
 Defined at:
		line 263 in file "main.c"
 Parameters:    Size  Location     Type
		None
 Auto vars:     Size  Location     Type
		None
 Return value:  Size  Location     Type
                  1    wreg      void 
 Registers used:
		wreg, status,2
 Tracked objects:
		On entry : 
		On exit  : 
		Unchanged: 
 Data sizes:     COMRAM   BANK0   BANK1   BANK2   BANK3   BANK4   BANK5
      Params:         0       0       0       0       0       0       0
      Locals:         0       0       0       0       0       0       0
      Temps:          0       0       0       0       0       0       0
      Totals:         0       0       0       0       0       0       0
Total ram usage:        0 bytes
 Hardware stack levels used:    1
 Hardware stack levels required when called:    1
 This function calls:
		Nothing
 This function is called by:
		_main
 This function uses a non-reentrant model


 *************** function _initial_config *****************
 Defined at:
		line 151 in file "main.c"
 Parameters:    Size  Location     Type
		None
 Auto vars:     Size  Location     Type
		None
 Return value:  Size  Location     Type
                  1    wreg      void 
 Registers used:
		wreg, status,2
 Tracked objects:
		On entry : 
		On exit  : 
		Unchanged: 
 Data sizes:     COMRAM   BANK0   BANK1   BANK2   BANK3   BANK4   BANK5
      Params:         0       0       0       0       0       0       0
      Locals:         0       0       0       0       0       0       0
      Temps:          0       0       0       0       0       0       0
      Totals:         0       0       0       0       0       0       0
Total ram usage:        0 bytes
 Hardware stack levels used:    1
 Hardware stack levels required when called:    1
 This function calls:
		Nothing
 This function is called by:
		_main
 This function uses a non-reentrant model


 *************** function _init_LCD *****************
 Defined at:
		line 209 in file "main.c"
 Parameters:    Size  Location     Type
		None
 Auto vars:     Size  Location     Type
		None
 Return value:  Size  Location     Type
                  1    wreg      void 
 Registers used:
		wreg, status,2, cstack
 Tracked objects:
		On entry : 
		On exit  : 
		Unchanged: 
 Data sizes:     COMRAM   BANK0   BANK1   BANK2   BANK3   BANK4   BANK5
      Params:         0       0       0       0       0       0       0
      Locals:         0       0       0       0       0       0       0
      Temps:          1       0       0       0       0       0       0
      Totals:         1       0       0       0       0       0       0
Total ram usage:        1 bytes
 Hardware stack levels used:    1
 Hardware stack levels required when called:    2
 This function calls:
		_R_I
 This function is called by:
		_main
 This function uses a non-reentrant model


 *************** function _R_I *****************
 Defined at:
		line 221 in file "main.c"
 Parameters:    Size  Location     Type
  dato            1    wreg     unsigned char 
 Auto vars:     Size  Location     Type
  dato            1    0[COMRAM] unsigned char 
 Return value:  Size  Location     Type
                  1    wreg      void 
 Registers used:
		wreg, status,2, cstack
 Tracked objects:
		On entry : 
		On exit  : 
		Unchanged: 
 Data sizes:     COMRAM   BANK0   BANK1   BANK2   BANK3   BANK4   BANK5
      Params:         0       0       0       0       0       0       0
      Locals:         1       0       0       0       0       0       0
      Temps:          0       0       0       0       0       0       0
      Totals:         1       0       0       0       0       0       0
Total ram usage:        1 bytes
 Hardware stack levels used:    1
 Hardware stack levels required when called:    1
 This function calls:
		Nothing
 This function is called by:
		_main
		_init_LCD
		_print_message_onLCD
 This function uses a non-reentrant model


 *************** function _get_voltage *****************
 Defined at:
		line 248 in file "main.c"
 Parameters:    Size  Location     Type
  ac_in           2   64[COMRAM] unsigned int 
 Auto vars:     Size  Location     Type
		None
 Return value:  Size  Location     Type
                  4   64[COMRAM] float 
 Registers used:
		wreg, status,2, status,0, prodl, prodh, cstack
 Tracked objects:
		On entry : 
		On exit  : 
		Unchanged: 
 Data sizes:     COMRAM   BANK0   BANK1   BANK2   BANK3   BANK4   BANK5
      Params:         4       0       0       0       0       0       0
      Locals:         0       0       0       0       0       0       0
      Temps:          0       0       0       0       0       0       0
      Totals:         4       0       0       0       0       0       0
Total ram usage:        4 bytes
 Hardware stack levels used:    1
 Hardware stack levels required when called:    2
 This function calls:
		___fldiv
		___flmul
		___xxtofl
 This function is called by:
		_main
 This function uses a non-reentrant model


 *************** function _get_temp *****************
 Defined at:
		line 251 in file "main.c"
 Parameters:    Size  Location     Type
  ac_in           2   68[COMRAM] unsigned int 
 Auto vars:     Size  Location     Type
  r               4   72[COMRAM] float 
 Return value:  Size  Location     Type
                  4   68[COMRAM] float 
 Registers used:
		wreg, status,2, status,0, prodl, prodh, cstack
 Tracked objects:
		On entry : 
		On exit  : 
		Unchanged: 
 Data sizes:     COMRAM   BANK0   BANK1   BANK2   BANK3   BANK4   BANK5
      Params:         4       0       0       0       0       0       0
      Locals:         4       0       0       0       0       0       0
      Temps:          0       0       0       0       0       0       0
      Totals:         8       0       0       0       0       0       0
Total ram usage:        8 bytes
 Hardware stack levels used:    1
 Hardware stack levels required when called:    2
 This function calls:
		___fladd
		___fldiv
		___flmul
		___xxtofl
 This function is called by:
		_main
 This function uses a non-reentrant model


 *************** function ___xxtofl *****************
 Defined at:
		line 10 in file "C:\Program Files (x86)\Microchip\xc8\v2.05\pic\sources\c90\common\xxtofl.c"
 Parameters:    Size  Location     Type
  sign            1    wreg     unsigned char 
  val             4    0[COMRAM] long 
 Auto vars:     Size  Location     Type
  sign            1    8[COMRAM] unsigned char 
  arg             4   10[COMRAM] unsigned long 
  exp             1    9[COMRAM] unsigned char 
 Return value:  Size  Location     Type
                  4    0[COMRAM] unsigned char 
 Registers used:
		wreg, status,2, status,0
 Tracked objects:
		On entry : 
		On exit  : 
		Unchanged: 
 Data sizes:     COMRAM   BANK0   BANK1   BANK2   BANK3   BANK4   BANK5
      Params:         4       0       0       0       0       0       0
      Locals:         6       0       0       0       0       0       0
      Temps:          4       0       0       0       0       0       0
      Totals:        14       0       0       0       0       0       0
Total ram usage:       14 bytes
 Hardware stack levels used:    1
 Hardware stack levels required when called:    1
 This function calls:
		Nothing
 This function is called by:
		_get_voltage
		_get_temp
		_sprintf
 This function uses a non-reentrant model


 *************** function ___flmul *****************
 Defined at:
		line 8 in file "C:\Program Files (x86)\Microchip\xc8\v2.05\pic\sources\c90\common\sprcmul.c"
 Parameters:    Size  Location     Type
  b               4   14[COMRAM] unsigned char 
  a               4   18[COMRAM] unsigned char 
 Auto vars:     Size  Location     Type
  prod            4   33[COMRAM] struct .
  grs             4   27[COMRAM] unsigned long 
  temp            2   37[COMRAM] struct .
  bexp            1   32[COMRAM] unsigned char 
  aexp            1   31[COMRAM] unsigned char 
  sign            1   26[COMRAM] unsigned char 
 Return value:  Size  Location     Type
                  4   14[COMRAM] unsigned char 
 Registers used:
		wreg, status,2, status,0, prodl, prodh
 Tracked objects:
		On entry : 
		On exit  : 
		Unchanged: 
 Data sizes:     COMRAM   BANK0   BANK1   BANK2   BANK3   BANK4   BANK5
      Params:         8       0       0       0       0       0       0
      Locals:        13       0       0       0       0       0       0
      Temps:          4       0       0       0       0       0       0
      Totals:        25       0       0       0       0       0       0
Total ram usage:       25 bytes
 Hardware stack levels used:    1
 Hardware stack levels required when called:    1
 This function calls:
		Nothing
 This function is called by:
		_get_voltage
		_get_temp
		_fround
		_scale
		_sprintf
 This function uses a non-reentrant model


 *************** function ___fldiv *****************
 Defined at:
		line 11 in file "C:\Program Files (x86)\Microchip\xc8\v2.05\pic\sources\c90\common\sprcdiv.c"
 Parameters:    Size  Location     Type
  b               4   39[COMRAM] unsigned char 
  a               4   43[COMRAM] unsigned char 
 Auto vars:     Size  Location     Type
  grs             4   58[COMRAM] unsigned long 
  rem             4   51[COMRAM] unsigned long 
  new_exp         2   56[COMRAM] int 
  aexp            1   63[COMRAM] unsigned char 
  bexp            1   62[COMRAM] unsigned char 
  sign            1   55[COMRAM] unsigned char 
 Return value:  Size  Location     Type
                  4   39[COMRAM] unsigned char 
 Registers used:
		wreg, status,2, status,0
 Tracked objects:
		On entry : 
		On exit  : 
		Unchanged: 
 Data sizes:     COMRAM   BANK0   BANK1   BANK2   BANK3   BANK4   BANK5
      Params:         8       0       0       0       0       0       0
      Locals:        13       0       0       0       0       0       0
      Temps:          4       0       0       0       0       0       0
      Totals:        25       0       0       0       0       0       0
Total ram usage:       25 bytes
 Hardware stack levels used:    1
 Hardware stack levels required when called:    1
 This function calls:
		Nothing
 This function is called by:
		_get_voltage
		_get_temp
 This function uses a non-reentrant model


 *************** function ___fladd *****************
 Defined at:
		line 10 in file "C:\Program Files (x86)\Microchip\xc8\v2.05\pic\sources\c90\common\sprcadd.c"
 Parameters:    Size  Location     Type
  b               4   52[COMRAM] unsigned char 
  a               4   56[COMRAM] unsigned char 
 Auto vars:     Size  Location     Type
  grs             1   67[COMRAM] unsigned char 
  bexp            1   66[COMRAM] unsigned char 
  aexp            1   65[COMRAM] unsigned char 
  signs           1   64[COMRAM] unsigned char 
 Return value:  Size  Location     Type
                  4   52[COMRAM] unsigned char 
 Registers used:
		wreg, status,2, status,0
 Tracked objects:
		On entry : 
		On exit  : 
		Unchanged: 
 Data sizes:     COMRAM   BANK0   BANK1   BANK2   BANK3   BANK4   BANK5
      Params:         8       0       0       0       0       0       0
      Locals:         4       0       0       0       0       0       0
      Temps:          4       0       0       0       0       0       0
      Totals:        16       0       0       0       0       0       0
Total ram usage:       16 bytes
 Hardware stack levels used:    1
 Hardware stack levels required when called:    1
 This function calls:
		Nothing
 This function is called by:
		_get_temp
		_sprintf
		___flsub
 This function uses a non-reentrant model


 *************** function _capture *****************
 Defined at:
		line 275 in file "main.c"
 Parameters:    Size  Location     Type
		None
 Auto vars:     Size  Location     Type
		None
 Return value:  Size  Location     Type
                  1    wreg      void 
 Registers used:
		None
 Tracked objects:
		On entry : 
		On exit  : 
		Unchanged: 
 Data sizes:     COMRAM   BANK0   BANK1   BANK2   BANK3   BANK4   BANK5
      Params:         0       0       0       0       0       0       0
      Locals:         0       0       0       0       0       0       0
      Temps:          0       0       0       0       0       0       0
      Totals:         0       0       0       0       0       0       0
Total ram usage:        0 bytes
 Hardware stack levels used:    1
 This function calls:
		Nothing
 This function is called by:
		Interrupt level 2
 This function uses a non-reentrant model



MODULE INFORMATION

Module		Function		Class		Link	Load	Size
C:\Program Files (x86)\Microchip\xc8\v2.05\pic\sources\c90\common\isdigit.c
		_isdigit       		CODE           	2BE8	0000	37

C:\Program Files (x86)\Microchip\xc8\v2.05\pic\sources\c90\common\isdigit.c estimated size: 37

C:\Program Files (x86)\Microchip\xc8\v2.05\pic\sources\c90\common\doprnt.c
		_scale         		CODE           	0F26	0000	1041
		_sprintf       		CODE           	0022	0000	2661
		_fround        		CODE           	1CBC	0000	677

C:\Program Files (x86)\Microchip\xc8\v2.05\pic\sources\c90\common\doprnt.c estimated size: 4379

C:\Program Files (x86)\Microchip\xc8\v2.05\pic\sources\c90\common\sprcadd.c
		___flsub       		CODE           	2ACA	0000	75
		___fladd       		CODE           	16B8	0000	837

C:\Program Files (x86)\Microchip\xc8\v2.05\pic\sources\c90\common\sprcadd.c estimated size: 912

C:\Program Files (x86)\Microchip\xc8\v2.05\pic\sources\c90\common\llmod.c
		___llmod       		CODE           	27BA	0000	117

C:\Program Files (x86)\Microchip\xc8\v2.05\pic\sources\c90\common\llmod.c estimated size: 117

C:\Program Files (x86)\Microchip\xc8\v2.05\pic\sources\c90\common\awmod.c
		___awmod       		CODE           	2736	0000	133

C:\Program Files (x86)\Microchip\xc8\v2.05\pic\sources\c90\common\awmod.c estimated size: 133

C:\Program Files (x86)\Microchip\xc8\v2.05\pic\sources\c90\common\ftdivl.c
		__tdiv_to_l_   		CODE           	20BC	0000	279

C:\Program Files (x86)\Microchip\xc8\v2.05\pic\sources\c90\common\ftdivl.c estimated size: 279

C:\Program Files (x86)\Microchip\xc8\v2.05\pic\sources\c90\common\lwdiv.c
		___lwdiv       		CODE           	2976	0000	97

C:\Program Files (x86)\Microchip\xc8\v2.05\pic\sources\c90\common\lwdiv.c estimated size: 97

C:\Program Files (x86)\Microchip\xc8\v2.05\pic\sources\c90\common\fltol.c
		___fltol       		CODE           	24A4	0000	213

C:\Program Files (x86)\Microchip\xc8\v2.05\pic\sources\c90\common\fltol.c estimated size: 213

C:\Program Files (x86)\Microchip\xc8\v2.05\pic\sources\c90\common\Umul16.c
		___wmul        		CODE           	2BBE	0000	43

C:\Program Files (x86)\Microchip\xc8\v2.05\pic\sources\c90\common\Umul16.c estimated size: 43

C:\Program Files (x86)\Microchip\xc8\v2.05\pic\sources\c90\common\fldivl.c
		__div_to_l_    		CODE           	21D2	0000	269

C:\Program Files (x86)\Microchip\xc8\v2.05\pic\sources\c90\common\fldivl.c estimated size: 269

C:\Program Files (x86)\Microchip\xc8\v2.05\pic\sources\c90\common\flge.c
		___flge        		CODE           	23C4	0000	225

C:\Program Files (x86)\Microchip\xc8\v2.05\pic\sources\c90\common\flge.c estimated size: 225

C:\Program Files (x86)\Microchip\xc8\v2.05\pic\sources\c90\common\awdiv.c
		___awdiv       		CODE           	2578	0000	153

C:\Program Files (x86)\Microchip\xc8\v2.05\pic\sources\c90\common\awdiv.c estimated size: 153

shared
		__powers_      		MEDIUMCONST    	7E01	0000	53
		_dpowers       		MEDIUMCONST    	7E69	0000	41
		__npowers_     		MEDIUMCONST    	7E35	0000	53
		__initialization		CODE           	2B52	0000	43

shared estimated size: 190

C:\Program Files (x86)\Microchip\xc8\v2.05\pic\sources\c90\common\sprcmul.c
		___flmul       		CODE           	1336	0000	899

C:\Program Files (x86)\Microchip\xc8\v2.05\pic\sources\c90\common\sprcmul.c estimated size: 899

C:\Program Files (x86)\Microchip\xc8\v2.05\pic\sources\c90\common\sprcdiv.c
		___fldiv       		CODE           	19FC	0000	705

C:\Program Files (x86)\Microchip\xc8\v2.05\pic\sources\c90\common\sprcdiv.c estimated size: 705

C:\Program Files (x86)\Microchip\xc8\v2.05\pic\sources\c90\common\flneg.c
		___flneg       		CODE           	2B8A	0000	53

C:\Program Files (x86)\Microchip\xc8\v2.05\pic\sources\c90\common\flneg.c estimated size: 53

C:\Program Files (x86)\Microchip\xc8\v2.05\pic\sources\c90\common\xxtofl.c
		___xxtofl      		CODE           	1F60	0000	349

C:\Program Files (x86)\Microchip\xc8\v2.05\pic\sources\c90\common\xxtofl.c estimated size: 349

C:\Program Files (x86)\Microchip\xc8\v2.05\pic\sources\c90\common\strlen.c
		_strlen        		CODE           	2A7E	0000	77

C:\Program Files (x86)\Microchip\xc8\v2.05\pic\sources\c90\common\strlen.c estimated size: 77

C:\Program Files (x86)\Microchip\xc8\v2.05\pic\sources\c90\common\__lldiv.c
		___lldiv       		CODE           	26A6	0000	145

C:\Program Files (x86)\Microchip\xc8\v2.05\pic\sources\c90\common\__lldiv.c estimated size: 145

main.c
		_initial_config		CODE           	2B14	0000	63
		_R_I           		CODE           	2C4C	0000	29
		_get_temp      		CODE           	22DE	0000	231
		_serial_transmi_init_config		CODE           	2C0C	0000	37
		_main          		CODE           	0A86	0000	1185
		_get_voltage   		CODE           	28A0	0000	113
		_light_the_bulb		CODE           	2C86	0000	11
		_init_LCD      		CODE           	29D6	0000	89
		_print_message_onLCD		CODE           	282E	0000	115
		_capture       		CODE           	0008	0000	23
		_transmit      		CODE           	2910	0000	103
		_R_D           		CODE           	2C30	0000	29
		_start_engine  		CODE           	2C72	0000	11
		_light_the_bulb_and_start_engine		CODE           	2C7C	0000	11
		_turn_off_everything		CODE           	2C68	0000	11

main.c estimated size: 2061

C:\Program Files (x86)\Microchip\xc8\v2.05\pic\sources\c90\common\fleq.c
		___fleq        		CODE           	2610	0000	151

C:\Program Files (x86)\Microchip\xc8\v2.05\pic\sources\c90\common\fleq.c estimated size: 151

C:\Program Files (x86)\Microchip\xc8\v2.05\pic\sources\c90\common\lwmod.c
		___lwmod       		CODE           	2A2E	0000	81

C:\Program Files (x86)\Microchip\xc8\v2.05\pic\sources\c90\common\lwmod.c estimated size: 81

