Microchip MPLAB XC8 Compiler V2.05 ()

Linker command line:

-W-3 --edf=C:\Program Files (x86)\Microchip\xc8\v2.05\pic\dat\en_msgs.txt \
  -cs -h+dist/default/production\Juego_Teclado.X.production.sym \
  --cmf=dist/default/production\Juego_Teclado.X.production.cmf -z -Q18F452 \
  -oC:\Users\user\AppData\Local\Temp\s27g.2 --defsym=__MPLAB_BUILD=1 \
  -Mdist/default/production/Juego_Teclado.X.production.map -E1 -ver=XC8 \
  --acfsm=1493 -ASTACK=080h-05FFh -pstack=STACK -ACODE=00h-03FFFhx2 \
  -ACONST=00h-07FFFh -ASMALLCONST=0600h-06FFhx122 \
  -AMEDIUMCONST=0600h-07FFFh -ACOMRAM=01h-07Fh -AABS1=00h-05FFh \
  -ABIGRAM=01h-05FFh -ARAM=080h-0FFh,0100h-01FFhx5 -ABANK0=080h-0FFh \
  -ABANK1=0100h-01FFh -ABANK2=0200h-02FFh -ABANK3=0300h-03FFh \
  -ABANK4=0400h-04FFh -ABANK5=0500h-05FFh -ASFR=0F80h-0FFFh \
  -preset_vec=00h,intcode,intcodelo,powerup,init -pramtop=0600h \
  -psmallconst=SMALLCONST -pmediumconst=MEDIUMCONST -pconst=CONST \
  -AFARRAM=00h-00h -ACONFIG=0300000h-030000Dh -pconfig=CONFIG \
  -AIDLOC=0200000h-0200007h -pidloc=IDLOC -AEEDATA=0F00000h-0F000FFh \
  -peeprom_data=EEDATA \
  -prdata=COMRAM,nvrram=COMRAM,nvbit=COMRAM,rbss=COMRAM,rbit=COMRAM \
  -pfarbss=FARRAM,fardata=FARRAM,nvFARRAM=FARRAM \
  -pintsave_regs=BIGRAM,bigbss=BIGRAM,bigdata=BIGRAM -pbss=RAM \
  -pidata=CODE,irdata=CODE,ibigdata=CODE,ifardata=CODE -prparam=COMRAM \
  C:\Users\user\AppData\Local\Temp\s27g.o \
  dist/default/production\Juego_Teclado.X.production.o 

Object code version is 3.11

Machine type is 18F452

Call graph: (short form)




                Name                               Link     Load   Length Selector   Space Scale
C:\Users\user\AppData\Local\Temp\s27g.o
                text                               3F0E     3F0E        2     1F87       0
                init                                  2        2        4        0       0
                reset_vec                             0        0        2        0       0
                idloc                            200000   200000        8   200000       0
                config                           300000   300000        E   300000       0
dist/default/production\Juego_Teclado.X.production.o
                text4                              3F28     3F28       1E     1F94       0
                text3                              3FA8     3FA8       58     1FD4       0
                text2                              3F46     3F46       28     1FA3       0
                text1                              3F6E     3F6E       3A     1FB7       0
                text0                              3F16     3F16       12     1F8B       0
                cstackCOMRAM                          1        1        2        1       1
                cinit                              3F10     3F10        6     1F88       0

TOTAL           Name                               Link     Load   Length     Space
        CLASS   STACK          

        CLASS   CODE           
                text                               3F0E     3F0E        2         0
                init                                  2        2        4         0
                reset_vec                             0        0        2         0
                text4                              3F28     3F28       1E         0
                text3                              3FA8     3FA8       58         0
                text2                              3F46     3F46       28         0
                text1                              3F6E     3F6E       3A         0
                text0                              3F16     3F16       12         0
                cinit                              3F10     3F10        6         0

        CLASS   CONST          

        CLASS   SMALLCONST     

        CLASS   MEDIUMCONST    

        CLASS   COMRAM         
                cstackCOMRAM                          1        1        2         1

        CLASS   ABS1           

        CLASS   BIGRAM         

        CLASS   RAM            

        CLASS   BANK0          

        CLASS   BANK1          

        CLASS   BANK2          

        CLASS   BANK3          

        CLASS   BANK4          

        CLASS   BANK5          

        CLASS   SFR            

        CLASS   FARRAM         

        CLASS   CONFIG         
                config                           300000   300000        E         0

        CLASS   IDLOC          
                idloc                            200000   200000        8         0

        CLASS   EEDATA         



SEGMENTS        Name                           Load    Length   Top    Selector   Space  Class

                reset_vec                      000000  000006  000006         0       0  CODE    
                cstackCOMRAM                   000001  000002  000003         1       1  COMRAM  
                text                           003F0E  000002  003F10      1F87       0  CODE    
                cinit                          003F10  000006  003F16      1F88       0  CODE    
                text0                          003F16  000012  003F28      1F8B       0  CODE    
                text4                          003F28  00001E  003F46      1F94       0  CODE    
                text2                          003F46  000028  003F6E      1FA3       0  CODE    
                text1                          003F6E  00003A  003FA8      1FB7       0  CODE    
                text3                          003FA8  000058  004000      1FD4       0  CODE    
                idloc                          200000  000008  200008    200000       0  IDLOC   
                config                         300000  00000E  30000E    300000       0  CONFIG  


UNUSED ADDRESS RANGES

        Name                Unused          Largest block    Delta
        BANK0            000080-0000FF               80
        BANK1            000100-0001FF              100
        BANK2            000200-0002FF              100
        BANK3            000300-0003FF              100
        BANK4            000400-0004FF              100
        BANK5            000500-0005FF              100
        BIGRAM           000003-0005FF              5FD
        CODE             000006-003F0D             3F08
                         004000-007FFF             4000
        COMRAM           000003-00007F               7D
        CONST            000006-003F0D             3F08
                         004000-007FFF             4000
        EEDATA           F00000-F000FF              100
        MEDIUMCONST      000600-003F0D             390E
                         004000-007FFF             4000
        RAM              000080-0005FF              100
        SFR              000F80-000FFF               80
        SMALLCONST       000600-003F0D              100
                         004000-007FFF              100
        STACK            000080-0005FF              580

                                  Symbol Table

R_I@dato                                                            cstackCOMRAM 000001
_ADCON0                                                             (abs)        000FC2
_ADCON1                                                             (abs)        000FC1
_INTCON                                                             (abs)        000FF2
_INTCON2                                                            (abs)        000FF1
_IPR1                                                               (abs)        000F9F
_LATA                                                               (abs)        000F89
_LATB                                                               (abs)        000F8A
_LATC                                                               (abs)        000F8B
_LATD                                                               (abs)        000F8C
_LC3                                                                (abs)        007C5B
_LC4                                                                (abs)        007C5C
_PIE1                                                               (abs)        000F9D
_PIR1                                                               (abs)        000F9E
_PORTA                                                              (abs)        000F80
_PORTB                                                              (abs)        000F81
_PORTC                                                              (abs)        000F82
_PORTD                                                              (abs)        000F83
_RCONbits                                                           (abs)        000FD0
_RCSTA                                                              (abs)        000FAB
_R_I                                                                text4        003F28
_SPBRG                                                              (abs)        000FAF
_TRISA                                                              (abs)        000F92
_TRISB                                                              (abs)        000F93
_TRISC                                                              (abs)        000F94
_TRISD                                                              (abs)        000F95
_TXSTA                                                              (abs)        000FAC
__CFG_BOR$OFF                                                       (abs)        000000
__CFG_LVP$OFF                                                       (abs)        000000
__CFG_OSC$XT                                                        (abs)        000000
__CFG_PWRT$ON                                                       (abs)        000000
__CFG_WDT$OFF                                                       (abs)        000000
__HRAM                                                              (abs)        000000
__Habs1                                                             abs1         000000
__Hbank0                                                            bank0        000000
__Hbank1                                                            bank1        000000
__Hbank2                                                            bank2        000000
__Hbank3                                                            bank3        000000
__Hbank4                                                            bank4        000000
__Hbank5                                                            bank5        000000
__Hbigbss                                                           bigbss       000000
__Hbigdata                                                          bigdata      000000
__Hbigram                                                           bigram       000000
__Hbss                                                              bss          000000
__Hcinit                                                            cinit        000000
__Hclrtext                                                          clrtext      000000
__Hcomram                                                           comram       000000
__Hconfig                                                           config       30000E
__Hconst                                                            const        000000
__HcstackCOMRAM                                                     cstackCOMRAM 000000
__Hdata                                                             data         000000
__Heeprom_data                                                      eeprom_data  000000
__Hfarbss                                                           farbss       000000
__Hfardata                                                          fardata      000000
__Hibigdata                                                         ibigdata     000000
__Hidata                                                            idata        000000
__Hidloc                                                            idloc        200008
__Hifardata                                                         ifardata     000000
__Hinit                                                             init         000006
__Hintcode                                                          intcode      000002
__Hintcode_body                                                     intcode_body 000000
__Hintcodelo                                                        intcodelo    000002
__Hintentry                                                         intentry     000000
__Hintret                                                           intret       000000
__Hintsave_regs                                                     intsave_regs 000000
__Hirdata                                                           irdata       000000
__Hmediumconst                                                      mediumconst  000000
__HnvFARRAM                                                         nvFARRAM     000000
__Hnvbit                                                            nvbit        000000
__Hnvrram                                                           nvrram       000000
__Hparam                                                            rparam       000000
__Hpowerup                                                          powerup      000002
__Hram                                                              ram          000000
__Hramtop                                                           ramtop       000600
__Hrbit                                                             rbit         000000
__Hrbss                                                             rbss         000000
__Hrdata                                                            rdata        000000
__Hreset_vec                                                        reset_vec    000002
__Hrparam                                                           rparam       000000
__Hsfr                                                              sfr          000000
__Hsmallconst                                                       smallconst   000000
__Hspace_0                                                          (abs)        30000E
__Hspace_1                                                          (abs)        000003
__Hspace_2                                                          (abs)        000000
__Hstack                                                            stack        000000
__Hstruct                                                           struct       000000
__Htemp                                                             temp         000000
__Htext                                                             text         000000
__Htext0                                                            text0        000000
__Htext1                                                            text1        000000
__Htext2                                                            text2        000000
__Htext3                                                            text3        000000
__Htext4                                                            text4        000000
__LRAM                                                              (abs)        000001
__Labs1                                                             abs1         000000
__Lbank0                                                            bank0        000000
__Lbank1                                                            bank1        000000
__Lbank2                                                            bank2        000000
__Lbank3                                                            bank3        000000
__Lbank4                                                            bank4        000000
__Lbank5                                                            bank5        000000
__Lbigbss                                                           bigbss       000000
__Lbigdata                                                          bigdata      000000
__Lbigram                                                           bigram       000000
__Lbss                                                              bss          000000
__Lcinit                                                            cinit        000000
__Lclrtext                                                          clrtext      000000
__Lcomram                                                           comram       000000
__Lconfig                                                           config       300000
__Lconst                                                            const        000000
__LcstackCOMRAM                                                     cstackCOMRAM 000000
__Ldata                                                             data         000000
__Leeprom_data                                                      eeprom_data  000000
__Lfarbss                                                           farbss       000000
__Lfardata                                                          fardata      000000
__Libigdata                                                         ibigdata     000000
__Lidata                                                            idata        000000
__Lidloc                                                            idloc        200000
__Lifardata                                                         ifardata     000000
__Linit                                                             init         000002
__Lintcode                                                          intcode      000002
__Lintcode_body                                                     intcode_body 000000
__Lintcodelo                                                        intcodelo    000002
__Lintentry                                                         intentry     000000
__Lintret                                                           intret       000000
__Lintsave_regs                                                     intsave_regs 000000
__Lirdata                                                           irdata       000000
__Lmediumconst                                                      mediumconst  000000
__LnvFARRAM                                                         nvFARRAM     000000
__Lnvbit                                                            nvbit        000000
__Lnvrram                                                           nvrram       000000
__Lparam                                                            rparam       000000
__Lpowerup                                                          powerup      000002
__Lram                                                              ram          000000
__Lramtop                                                           ramtop       000600
__Lrbit                                                             rbit         000000
__Lrbss                                                             rbss         000000
__Lrdata                                                            rdata        000000
__Lreset_vec                                                        reset_vec    000000
__Lrparam                                                           rparam       000000
__Lsfr                                                              sfr          000000
__Lsmallconst                                                       smallconst   000000
__Lspace_0                                                          (abs)        000000
__Lspace_1                                                          (abs)        000000
__Lspace_2                                                          (abs)        000000
__Lstack                                                            stack        000000
__Lstruct                                                           struct       000000
__Ltemp                                                             temp         000000
__Ltext                                                             text         000000
__Ltext0                                                            text0        000000
__Ltext1                                                            text1        000000
__Ltext2                                                            text2        000000
__Ltext3                                                            text3        000000
__Ltext4                                                            text4        000000
__S0                                                                (abs)        30000E
__S1                                                                (abs)        000003
__S2                                                                (abs)        000000
___inthi_sp                                                         stack        000000
___intlo_sp                                                         stack        000000
___param_bank                                                       (abs)        000000
___rparam_used                                                      (abs)        000001
___sp                                                               stack        000000
__accesstop                                                         (abs)        000080
__activetblptr                                                      (abs)        000000
__cntErrataNOP_C:\Users\user\AppData\Local\Temp\s27g.o              (abs)        000001
__cntErrataNOP_dist/default/production\Juego_Teclado.X.production.o (abs)        00000E
__end_of_R_I                                                        text4        003F44
__end_of__initialization                                            cinit        003F10
__end_of_init_lcd                                                   text3        004000
__end_of_init_serial_com                                            text2        003F6E
__end_of_initial_config                                             text1        003FA8
__end_of_main                                                       text0        003F28
__initialization                                                    cinit        003F10
__mediumconst                                                       mediumconst  000000
__pcinit                                                            cinit        003F10
__pcstackCOMRAM                                                     cstackCOMRAM 000001
__ptext0                                                            text0        003F16
__ptext1                                                            text1        003F6E
__ptext2                                                            text2        003F46
__ptext3                                                            text3        003FA8
__ptext4                                                            text4        003F28
__ramtop                                                            ramtop       000600
__size_of_R_I                                                       (abs)        000000
__size_of_init_lcd                                                  (abs)        000000
__size_of_init_serial_com                                           (abs)        000000
__size_of_initial_config                                            (abs)        000000
__size_of_main                                                      (abs)        000000
__smallconst                                                        smallconst   000000
_init_lcd                                                           text3        003FA8
_init_serial_com                                                    text2        003F46
_initial_config                                                     text1        003F6E
_main                                                               text0        003F16
end_of_initialization                                               cinit        003F10
intlevel0                                                           text         003F0E
intlevel1                                                           text         003F0E
intlevel2                                                           text         003F0E
intlevel3                                                           text         003F0E
stackhi                                                             (abs)        0005FF
stacklo                                                             (abs)        000080
start                                                               init         000002
start_initialization                                                cinit        003F10


FUNCTION INFORMATION:

 *************** function _main *****************
 Defined at:
		line 27 in file "main.c"
 Parameters:    Size  Location     Type
		None
 Auto vars:     Size  Location     Type
		None
 Return value:  Size  Location     Type
                  1    wreg      void 
 Registers used:
		wreg, status,2, cstack
 Tracked objects:
		On entry : 
		On exit  : 
		Unchanged: 
 Data sizes:     COMRAM   BANK0   BANK1   BANK2   BANK3   BANK4   BANK5
      Params:         0       0       0       0       0       0       0
      Locals:         0       0       0       0       0       0       0
      Temps:          0       0       0       0       0       0       0
      Totals:         0       0       0       0       0       0       0
Total ram usage:        0 bytes
 Hardware stack levels required when called:    2
 This function calls:
		_init_lcd
		_init_serial_com
		_initial_config
 This function is called by:
		Startup code after reset
 This function uses a non-reentrant model


 *************** function _initial_config *****************
 Defined at:
		line 38 in file "main.c"
 Parameters:    Size  Location     Type
		None
 Auto vars:     Size  Location     Type
		None
 Return value:  Size  Location     Type
                  1    wreg      void 
 Registers used:
		wreg, status,2
 Tracked objects:
		On entry : 
		On exit  : 
		Unchanged: 
 Data sizes:     COMRAM   BANK0   BANK1   BANK2   BANK3   BANK4   BANK5
      Params:         0       0       0       0       0       0       0
      Locals:         0       0       0       0       0       0       0
      Temps:          0       0       0       0       0       0       0
      Totals:         0       0       0       0       0       0       0
Total ram usage:        0 bytes
 Hardware stack levels used:    1
 This function calls:
		Nothing
 This function is called by:
		_main
 This function uses a non-reentrant model


 *************** function _init_serial_com *****************
 Defined at:
		line 71 in file "main.c"
 Parameters:    Size  Location     Type
		None
 Auto vars:     Size  Location     Type
		None
 Return value:  Size  Location     Type
                  1    wreg      void 
 Registers used:
		wreg, status,2
 Tracked objects:
		On entry : 
		On exit  : 
		Unchanged: 
 Data sizes:     COMRAM   BANK0   BANK1   BANK2   BANK3   BANK4   BANK5
      Params:         0       0       0       0       0       0       0
      Locals:         0       0       0       0       0       0       0
      Temps:          0       0       0       0       0       0       0
      Totals:         0       0       0       0       0       0       0
Total ram usage:        0 bytes
 Hardware stack levels used:    1
 This function calls:
		Nothing
 This function is called by:
		_main
 This function uses a non-reentrant model


 *************** function _init_lcd *****************
 Defined at:
		line 59 in file "main.c"
 Parameters:    Size  Location     Type
		None
 Auto vars:     Size  Location     Type
		None
 Return value:  Size  Location     Type
                  1    wreg      void 
 Registers used:
		wreg, status,2, cstack
 Tracked objects:
		On entry : 
		On exit  : 
		Unchanged: 
 Data sizes:     COMRAM   BANK0   BANK1   BANK2   BANK3   BANK4   BANK5
      Params:         0       0       0       0       0       0       0
      Locals:         0       0       0       0       0       0       0
      Temps:          1       0       0       0       0       0       0
      Totals:         1       0       0       0       0       0       0
Total ram usage:        1 bytes
 Hardware stack levels used:    1
 Hardware stack levels required when called:    1
 This function calls:
		_R_I
 This function is called by:
		_main
 This function uses a non-reentrant model


 *************** function _R_I *****************
 Defined at:
		line 83 in file "main.c"
 Parameters:    Size  Location     Type
  dato            1    wreg     unsigned char 
 Auto vars:     Size  Location     Type
  dato            1    0[COMRAM] unsigned char 
 Return value:  Size  Location     Type
                  1    wreg      void 
 Registers used:
		wreg, status,2, cstack
 Tracked objects:
		On entry : 
		On exit  : 
		Unchanged: 
 Data sizes:     COMRAM   BANK0   BANK1   BANK2   BANK3   BANK4   BANK5
      Params:         0       0       0       0       0       0       0
      Locals:         1       0       0       0       0       0       0
      Temps:          0       0       0       0       0       0       0
      Totals:         1       0       0       0       0       0       0
Total ram usage:        1 bytes
 Hardware stack levels used:    1
 This function calls:
		Nothing
 This function is called by:
		_init_lcd
 This function uses a non-reentrant model



MODULE INFORMATION

Module		Function		Class		Link	Load	Size
shared
		__initialization		CODE           	3F10	0000	1

shared estimated size: 1

main.c
		_init_serial_com		CODE           	3F46	0000	41
		_initial_config		CODE           	3F6E	0000	59
		_R_I           		CODE           	3F28	0000	29
		_main          		CODE           	3F16	0000	19
		_init_lcd      		CODE           	3FA8	0000	89

main.c estimated size: 237

