Microchip MPLAB XC8 Compiler V2.05 ()

Linker command line:

-W-3 --edf=C:\Program Files (x86)\Microchip\xc8\v2.05\pic\dat\en_msgs.txt \
  -cs -h+dist/default/production\PWM_dinamico.X.production.sym \
  --cmf=dist/default/production\PWM_dinamico.X.production.cmf -z -Q18F452 \
  -oC:\Users\user\AppData\Local\Temp\s8ks.2 --defsym=__MPLAB_BUILD=1 \
  -Mdist/default/production/PWM_dinamico.X.production.map -E1 -ver=XC8 \
  --acfsm=1493 -ASTACK=01D0h-05FFh -pstack=STACK -ACODE=00h-03FFFhx2 \
  -ACONST=00h-07FFFh -ASMALLCONST=0600h-06FFhx122 \
  -AMEDIUMCONST=0600h-07FFFh -ACOMRAM=01h-07Fh -AABS1=00h-05FFh \
  -ABIGRAM=01h-05FFh -ARAM=080h-0FFh,0100h-01FFhx5 -ABANK0=080h-0FFh \
  -ABANK1=0100h-01FFh -ABANK2=0200h-02FFh -ABANK3=0300h-03FFh \
  -ABANK4=0400h-04FFh -ABANK5=0500h-05FFh -ASFR=0F80h-0FFFh \
  -preset_vec=00h,intcode=08h,intcodelo,powerup,init -pramtop=0600h \
  -psmallconst=SMALLCONST -pmediumconst=MEDIUMCONST -pconst=CONST \
  -AFARRAM=00h-00h -ACONFIG=0300000h-030000Dh -pconfig=CONFIG \
  -AIDLOC=0200000h-0200007h -pidloc=IDLOC -AEEDATA=0F00000h-0F000FFh \
  -peeprom_data=EEDATA \
  -prdata=COMRAM,nvrram=COMRAM,nvbit=COMRAM,rbss=COMRAM,rbit=COMRAM \
  -pfarbss=FARRAM,fardata=FARRAM,nvFARRAM=FARRAM \
  -pintsave_regs=BIGRAM,bigbss=BIGRAM,bigdata=BIGRAM -pbss=RAM \
  -pidata=CODE,irdata=CODE,ibigdata=CODE,ifardata=CODE -prparam=COMRAM \
  C:\Users\user\AppData\Local\Temp\s8ks.o \
  dist/default/production\PWM_dinamico.X.production.o 

Object code version is 3.11

Machine type is 18F452

Call graph: (short form)




                Name                               Link     Load   Length Selector   Space Scale
C:\Users\user\AppData\Local\Temp\s8ks.o
                text                                FF6      FF6        2      364       0
                init                                 BC       BC        4        4       0
                reset_vec                             0        0        6        0       0
                idloc                            200000   200000        8   200000       0
                config                           300000   300000        E   300000       0
dist/default/production\PWM_dinamico.X.production.o
                intcode                               8        8       B4        4       0
                temp                                 33       33        1        1       1
                smallconst                          600      600       C8      300       0
                text21                              F5C      F5C       24      364       0
                text20                              E6C      E6C       4C      364       0
                text19                              D7E      D7E       52      364       0
                text17                              C74      C74       60      364       0
                text16                              EEA      EEA       2A      364       0
                text15                              B8A      B8A       78      364       0
                text14                              B12      B12       78      364       0
                text13                              F9E      F9E       1E      364       0
                text12                              F38      F38       24      364       0
                text11                              A30      A30       E2      364       0
                text10                              FD8      FD8       1C      364       0
                text9                               CD4      CD4       58      364       0
                text8                               F80      F80       1E      364       0
                text7                               FBC      FBC       1C      364       0
                text6                               E20      E20       4C      364       0
                text5                               C02      C02       72      364       0
                text4                               F14      F14       24      364       0
                text3                               DD0      DD0       50      364       0
                text2                               8C2      8C2      16E      364       0
                text1                               D2C      D2C       52      364       0
                text0                               6C8      6C8      1FA      364       0
                cstackCOMRAM                          1        1       32        1       1
                cstackBANK1                         100      100       C9      100       1
                dataBANK1                           1CE      1CE        2      100       1
                bssBANK1                            1C9      1C9        5      100       1
                cinit                               EB8      EB8       32      364       0
                idataBANK1                          FF4      FF4        2      364       0

TOTAL           Name                               Link     Load   Length     Space
        CLASS   STACK          

        CLASS   CODE           
                intcode                               8        8       B4         0
                text                                FF6      FF6        2         0
                init                                 BC       BC        4         0
                reset_vec                             0        0        6         0
                text21                              F5C      F5C       24         0
                text20                              E6C      E6C       4C         0
                text19                              D7E      D7E       52         0
                text17                              C74      C74       60         0
                text16                              EEA      EEA       2A         0
                text15                              B8A      B8A       78         0
                text14                              B12      B12       78         0
                text13                              F9E      F9E       1E         0
                text12                              F38      F38       24         0
                text11                              A30      A30       E2         0
                text10                              FD8      FD8       1C         0
                text9                               CD4      CD4       58         0
                text8                               F80      F80       1E         0
                text7                               FBC      FBC       1C         0
                text6                               E20      E20       4C         0
                text5                               C02      C02       72         0
                text4                               F14      F14       24         0
                text3                               DD0      DD0       50         0
                text2                               8C2      8C2      16E         0
                text1                               D2C      D2C       52         0
                text0                               6C8      6C8      1FA         0
                cinit                               EB8      EB8       32         0
                idataBANK1                          FF4      FF4        2         0

        CLASS   CONST          

        CLASS   SMALLCONST     
                smallconst                          600      600       C8         0

        CLASS   MEDIUMCONST    

        CLASS   COMRAM         
                temp                                 33       33        1         1
                cstackCOMRAM                          1        1       32         1

        CLASS   ABS1           

        CLASS   BIGRAM         

        CLASS   RAM            

        CLASS   BANK0          

        CLASS   BANK1          
                cstackBANK1                         100      100       C9         1
                dataBANK1                           1CE      1CE        2         1
                bssBANK1                            1C9      1C9        5         1

        CLASS   BANK2          

        CLASS   BANK3          

        CLASS   BANK4          

        CLASS   BANK5          

        CLASS   SFR            

        CLASS   FARRAM         

        CLASS   CONFIG         
                config                           300000   300000        E         0

        CLASS   IDLOC          
                idloc                            200000   200000        8         0

        CLASS   EEDATA         



SEGMENTS        Name                           Load    Length   Top    Selector   Space  Class

                reset_vec                      000000  000006  000006         0       0  CODE    
                cstackCOMRAM                   000001  000033  000034         1       1  COMRAM  
                intcode                        000008  0000B8  0000C0         4       0  CODE    
                cstackBANK1                    000100  0000D0  0001D0       100       1  BANK1   
                smallconst                     000600  0000C8  0006C8       300       0  SMALLCON
                text0                          0006C8  000930  000FF8       364       0  CODE    
                idloc                          200000  000008  200008    200000       0  IDLOC   
                config                         300000  00000E  30000E    300000       0  CONFIG  


UNUSED ADDRESS RANGES

        Name                Unused          Largest block    Delta
        BANK0            000080-0000FF               80
        BANK1            0001D0-0001FF               30
        BANK2            000200-0002FF              100
        BANK3            000300-0003FF              100
        BANK4            000400-0004FF              100
        BANK5            000500-0005FF              100
        BIGRAM           000034-0000FF               CC
                         0001D0-0005FF              430
        CODE             000006-000007                2
                         0000C0-0005FF              540
                         000FF8-007FFF             3008
        COMRAM           000034-00007F               4C
        CONST            000006-000007                2
                         0000C0-0005FF              540
                         000FF8-007FFF             7008
        EEDATA           F00000-F000FF              100
        MEDIUMCONST      000FF8-007FFF             7008
        RAM              000080-0000FF               80
                         0001D0-0005FF              100
        SFR              000F80-000FFF               80
        SMALLCONST       000FF8-007FFF              100
        STACK            0001D0-0005FF              430

                                  Symbol Table

?___lwdiv                                                          cstackCOMRAM 000019
?___lwmod                                                          cstackCOMRAM 000020
?___wmul                                                           cstackCOMRAM 000013
?_atoi                                                             cstackCOMRAM 000019
?_sprintf                                                          cstackCOMRAM 000025
?_strlen                                                           cstackCOMRAM 000013
?i2_strlen                                                         cstackCOMRAM 000001
PWM1@ciclo_util                                                    cstackCOMRAM 000020
PWM1@t_alto                                                        cstackCOMRAM 000024
PWM2@ciclo_util                                                    cstackCOMRAM 000020
PWM2@t_alto                                                        cstackCOMRAM 000024
R_D@dato                                                           cstackCOMRAM 000013
R_I@dato                                                           cstackCOMRAM 000013
_CCP1CON                                                           (abs)        000FBD
_CCP2CON                                                           (abs)        000FBA
_CCPR1L                                                            (abs)        000FBE
_CCPR2L                                                            (abs)        000FBB
_INTCON                                                            (abs)        000FF2
_IPR1                                                              (abs)        000F9F
_LATC                                                              (abs)        000F8B
_LATD                                                              (abs)        000F8C
_LC3                                                               (abs)        007C5B
_LC4                                                               (abs)        007C5C
_PIE1                                                              (abs)        000F9D
_PIR1                                                              (abs)        000F9E
_PIR1bits                                                          (abs)        000F9E
_PORTC                                                             (abs)        000F82
_PORTD                                                             (abs)        000F83
_PR2                                                               (abs)        000FCB
_PWM1                                                              text15       000B8A
_PWM2                                                              text14       000B12
_PWM_config                                                        text13       000F9E
_RCONbits                                                          (abs)        000FD0
_RCREG                                                             (abs)        000FAE
_RCSTA                                                             (abs)        000FAB
_R_D                                                               text7        000FBC
_R_I                                                               text10       000FD8
_SPBRG                                                             (abs)        000FAF
_T2CON                                                             (abs)        000FCA
_TRISC                                                             (abs)        000F94
_TRISD                                                             (abs)        000F95
_TXREG                                                             (abs)        000FAD
_TXSTA                                                             (abs)        000FAC
_TXSTAbits                                                         (abs)        000FAC
__CFG_BOR$OFF                                                      (abs)        000000
__CFG_LVP$OFF                                                      (abs)        000000
__CFG_OSC$XT                                                       (abs)        000000
__CFG_PWRT$ON                                                      (abs)        000000
__CFG_WDT$OFF                                                      (abs)        000000
__HRAM                                                             (abs)        000000
__Habs1                                                            abs1         000000
__Hbank0                                                           bank0        000000
__Hbank1                                                           bank1        000000
__Hbank2                                                           bank2        000000
__Hbank3                                                           bank3        000000
__Hbank4                                                           bank4        000000
__Hbank5                                                           bank5        000000
__Hbigbss                                                          bigbss       000000
__Hbigdata                                                         bigdata      000000
__Hbigram                                                          bigram       000000
__Hbss                                                             bss          000000
__HbssBANK1                                                        bssBANK1     000000
__Hcinit                                                           cinit        000000
__Hclrtext                                                         clrtext      000000
__Hcomram                                                          comram       000000
__Hconfig                                                          config       30000E
__Hconst                                                           const        000000
__HcstackBANK1                                                     cstackBANK1  000000
__HcstackCOMRAM                                                    cstackCOMRAM 000000
__Hdata                                                            data         000000
__HdataBANK1                                                       dataBANK1    000000
__Heeprom_data                                                     eeprom_data  000000
__Hfarbss                                                          farbss       000000
__Hfardata                                                         fardata      000000
__Hibigdata                                                        ibigdata     000000
__Hidata                                                           idata        000000
__HidataBANK1                                                      idataBANK1   000000
__Hidloc                                                           idloc        200008
__Hifardata                                                        ifardata     000000
__Hinit                                                            init         0000C0
__Hintcode                                                         intcode      0000BC
__Hintcode_body                                                    intcode_body 000000
__Hintcodelo                                                       intcodelo    0000BC
__Hintentry                                                        intentry     000000
__Hintret                                                          intret       000000
__Hintsave_regs                                                    intsave_regs 000000
__Hirdata                                                          irdata       000000
__Hmediumconst                                                     mediumconst  000000
__HnvFARRAM                                                        nvFARRAM     000000
__Hnvbit                                                           nvbit        000000
__Hnvrram                                                          nvrram       000000
__Hparam                                                           rparam       000000
__Hpowerup                                                         powerup      0000BC
__Hram                                                             ram          000000
__Hramtop                                                          ramtop       000600
__Hrbit                                                            rbit         000000
__Hrbss                                                            rbss         000000
__Hrdata                                                           rdata        000000
__Hreset_vec                                                       reset_vec    000006
__Hrparam                                                          rparam       000000
__Hsfr                                                             sfr          000000
__Hsmallconst                                                      smallconst   0006C8
__Hspace_0                                                         (abs)        30000E
__Hspace_1                                                         (abs)        0001D0
__Hspace_2                                                         (abs)        000000
__Hstack                                                           stack        000000
__Hstruct                                                          struct       000000
__Htemp                                                            temp         000034
__Htext                                                            text         000000
__Htext0                                                           text0        000000
__Htext1                                                           text1        000000
__Htext10                                                          text10       000000
__Htext11                                                          text11       000000
__Htext12                                                          text12       000000
__Htext13                                                          text13       000000
__Htext14                                                          text14       000000
__Htext15                                                          text15       000000
__Htext16                                                          text16       000000
__Htext17                                                          text17       000000
__Htext19                                                          text19       000000
__Htext2                                                           text2        000000
__Htext20                                                          text20       000000
__Htext21                                                          text21       000000
__Htext3                                                           text3        000000
__Htext4                                                           text4        000000
__Htext5                                                           text5        000000
__Htext6                                                           text6        000000
__Htext7                                                           text7        000000
__Htext8                                                           text8        000000
__Htext9                                                           text9        000000
__LRAM                                                             (abs)        000001
__Labs1                                                            abs1         000000
__Lbank0                                                           bank0        000000
__Lbank1                                                           bank1        000000
__Lbank2                                                           bank2        000000
__Lbank3                                                           bank3        000000
__Lbank4                                                           bank4        000000
__Lbank5                                                           bank5        000000
__Lbigbss                                                          bigbss       000000
__Lbigdata                                                         bigdata      000000
__Lbigram                                                          bigram       000000
__Lbss                                                             bss          000000
__LbssBANK1                                                        bssBANK1     000000
__Lcinit                                                           cinit        000000
__Lclrtext                                                         clrtext      000000
__Lcomram                                                          comram       000000
__Lconfig                                                          config       300000
__Lconst                                                           const        000000
__LcstackBANK1                                                     cstackBANK1  000000
__LcstackCOMRAM                                                    cstackCOMRAM 000000
__Ldata                                                            data         000000
__LdataBANK1                                                       dataBANK1    000000
__Leeprom_data                                                     eeprom_data  000000
__Lfarbss                                                          farbss       000000
__Lfardata                                                         fardata      000000
__Libigdata                                                        ibigdata     000000
__Lidata                                                           idata        000000
__LidataBANK1                                                      idataBANK1   000000
__Lidloc                                                           idloc        200000
__Lifardata                                                        ifardata     000000
__Linit                                                            init         0000BC
__Lintcode                                                         intcode      000008
__Lintcode_body                                                    intcode_body 000000
__Lintcodelo                                                       intcodelo    0000BC
__Lintentry                                                        intentry     000000
__Lintret                                                          intret       000000
__Lintsave_regs                                                    intsave_regs 000000
__Lirdata                                                          irdata       000000
__Lmediumconst                                                     mediumconst  000000
__LnvFARRAM                                                        nvFARRAM     000000
__Lnvbit                                                           nvbit        000000
__Lnvrram                                                          nvrram       000000
__Lparam                                                           rparam       000000
__Lpowerup                                                         powerup      0000BC
__Lram                                                             ram          000000
__Lramtop                                                          ramtop       000600
__Lrbit                                                            rbit         000000
__Lrbss                                                            rbss         000000
__Lrdata                                                           rdata        000000
__Lreset_vec                                                       reset_vec    000000
__Lrparam                                                          rparam       000000
__Lsfr                                                             sfr          000000
__Lsmallconst                                                      smallconst   000600
__Lspace_0                                                         (abs)        000000
__Lspace_1                                                         (abs)        000000
__Lspace_2                                                         (abs)        000000
__Lstack                                                           stack        000000
__Lstruct                                                          struct       000000
__Ltemp                                                            temp         000033
__Ltext                                                            text         000000
__Ltext0                                                           text0        000000
__Ltext1                                                           text1        000000
__Ltext10                                                          text10       000000
__Ltext11                                                          text11       000000
__Ltext12                                                          text12       000000
__Ltext13                                                          text13       000000
__Ltext14                                                          text14       000000
__Ltext15                                                          text15       000000
__Ltext16                                                          text16       000000
__Ltext17                                                          text17       000000
__Ltext19                                                          text19       000000
__Ltext2                                                           text2        000000
__Ltext20                                                          text20       000000
__Ltext21                                                          text21       000000
__Ltext3                                                           text3        000000
__Ltext4                                                           text4        000000
__Ltext5                                                           text5        000000
__Ltext6                                                           text6        000000
__Ltext7                                                           text7        000000
__Ltext8                                                           text8        000000
__Ltext9                                                           text9        000000
__S0                                                               (abs)        30000E
__S1                                                               (abs)        0001D0
__S2                                                               (abs)        000000
___inthi_sp                                                        stack        000000
___intlo_sp                                                        stack        000000
___lwdiv                                                           text17       000C74
___lwdiv@counter                                                   cstackCOMRAM 00001F
___lwdiv@dividend                                                  cstackCOMRAM 000019
___lwdiv@divisor                                                   cstackCOMRAM 00001B
___lwdiv@quotient                                                  cstackCOMRAM 00001D
___lwmod                                                           text3        000DD0
___lwmod@counter                                                   cstackCOMRAM 000024
___lwmod@dividend                                                  cstackCOMRAM 000020
___lwmod@divisor                                                   cstackCOMRAM 000022
___param_bank                                                      (abs)        000000
___rparam_used                                                     (abs)        000001
___sp                                                              stack        000000
___wmul                                                            text16       000EEA
___wmul@multiplicand                                               cstackCOMRAM 000015
___wmul@multiplier                                                 cstackCOMRAM 000013
___wmul@product                                                    cstackCOMRAM 000017
__accesstop                                                        (abs)        000080
__activetblptr                                                     (abs)        000002
__cntErrataNOP_C:\Users\user\AppData\Local\Temp\s8ks.o             (abs)        000001
__cntErrataNOP_dist/default/production\PWM_dinamico.X.production.o (abs)        000062
__end_of_PWM1                                                      text15       000C02
__end_of_PWM2                                                      text14       000B8A
__end_of_PWM_config                                                text13       000FBC
__end_of_R_D                                                       text7        000FD8
__end_of_R_I                                                       text10       000FF4
__end_of___lwdiv                                                   text17       000CD4
__end_of___lwmod                                                   text3        000E20
__end_of___wmul                                                    text16       000F14
__end_of__initialization                                           cinit        000EDC
__end_of_atoi                                                      text11       000B12
__end_of_capture                                                   intcode      0000BC
__end_of_dpowers                                                   smallconst   00060B
__end_of_init_LCD                                                  text9        000D2C
__end_of_initial_config                                            text8        000F9E
__end_of_isdigit                                                   text12       000F5C
__end_of_main                                                      text0        0008C2
__end_of_print_message_onLCD                                       text5        000C74
__end_of_serial_transmi_init_config                                text4        000F38
__end_of_sprintf                                                   text2        000A30
__end_of_strlen                                                    text6        000E6C
__end_of_transmit                                                  text1        000D7E
__end_ofi2_isdigit                                                 text21       000F80
__end_ofi2_strlen                                                  text20       000EB8
__end_ofi2_transmit                                                text19       000DD0
__initialization                                                   cinit        000EB8
__mediumconst                                                      mediumconst  000000
__pbssBANK1                                                        bssBANK1     0001C9
__pcinit                                                           cinit        000EB8
__pcstackBANK1                                                     cstackBANK1  000100
__pcstackCOMRAM                                                    cstackCOMRAM 000001
__pdataBANK1                                                       dataBANK1    0001CE
__pidataBANK1                                                      idataBANK1   000FF4
__pintcode                                                         intcode      000008
__psmallconst                                                      smallconst   000600
__ptext0                                                           text0        0006C8
__ptext1                                                           text1        000D2C
__ptext10                                                          text10       000FD8
__ptext11                                                          text11       000A30
__ptext12                                                          text12       000F38
__ptext13                                                          text13       000F9E
__ptext14                                                          text14       000B12
__ptext15                                                          text15       000B8A
__ptext16                                                          text16       000EEA
__ptext17                                                          text17       000C74
__ptext19                                                          text19       000D7E
__ptext2                                                           text2        0008C2
__ptext20                                                          text20       000E6C
__ptext21                                                          text21       000F5C
__ptext3                                                           text3        000DD0
__ptext4                                                           text4        000F14
__ptext5                                                           text5        000C02
__ptext6                                                           text6        000E20
__ptext7                                                           text7        000FBC
__ptext8                                                           text8        000F80
__ptext9                                                           text9        000CD4
__ramtop                                                           ramtop       000600
__size_of_PWM1                                                     (abs)        000000
__size_of_PWM2                                                     (abs)        000000
__size_of_PWM_config                                               (abs)        000000
__size_of_R_D                                                      (abs)        000000
__size_of_R_I                                                      (abs)        000000
__size_of___lwdiv                                                  (abs)        000000
__size_of___lwmod                                                  (abs)        000000
__size_of___wmul                                                   (abs)        000000
__size_of_atoi                                                     (abs)        000000
__size_of_capture                                                  (abs)        000000
__size_of_init_LCD                                                 (abs)        000000
__size_of_initial_config                                           (abs)        000000
__size_of_isdigit                                                  (abs)        000000
__size_of_main                                                     (abs)        000000
__size_of_print_message_onLCD                                      (abs)        000000
__size_of_serial_transmi_init_config                               (abs)        000000
__size_of_sprintf                                                  (abs)        000000
__size_of_strlen                                                   (abs)        000000
__size_of_transmit                                                 (abs)        000000
__size_ofi2_isdigit                                                (abs)        000000
__size_ofi2_strlen                                                 (abs)        000000
__size_ofi2_transmit                                               (abs)        000000
__smallconst                                                       smallconst   000600
_atoi                                                              text11       000A30
_capture                                                           intcode      000008
_cu                                                                bssBANK1     0001CB
_cu1                                                               dataBANK1    0001CF
_cu2                                                               dataBANK1    0001CE
_cu_changed                                                        bssBANK1     0001CA
_cu_flag                                                           bssBANK1     0001C9
_dpowers                                                           smallconst   000601
_init_LCD                                                          text9        000CD4
_initial_config                                                    text8        000F80
_isdigit                                                           text12       000F38
_isdigit$834                                                       cstackCOMRAM 000014
_main                                                              text0        0006C8
_print_message_onLCD                                               text5        000C02
_serial_transmi_init_config                                        text4        000F14
_sprintf                                                           text2        0008C2
_strlen                                                            text6        000E20
_transmit                                                          text1        000D2C
atoi@a                                                             cstackCOMRAM 00001E
atoi@s                                                             cstackCOMRAM 000019
atoi@sign                                                          cstackCOMRAM 00001D
btemp                                                              temp         000033
capture@data_received                                              cstackCOMRAM 000012
end_of_initialization                                              cinit        000EDC
i2_isdigit                                                         text21       000F5C
i2_isdigit$834                                                     cstackCOMRAM 000003
i2_strlen                                                          text20       000E6C
i2_transmit                                                        text19       000D7E
i2isdigit@c                                                        cstackCOMRAM 000002
i2strlen@cp                                                        cstackCOMRAM 000003
i2strlen@s                                                         cstackCOMRAM 000001
i2transmit@i                                                       cstackCOMRAM 000009
i2transmit@response                                                cstackCOMRAM 000005
int$flags                                                          temp         000033
intlevel0                                                          text         000FF6
intlevel1                                                          text         000FF6
intlevel2                                                          text         000FF6
intlevel3                                                          text         000FF6
isdigit@c                                                          cstackCOMRAM 000015
main@f1_m                                                          cstackBANK1  000100
main@f1_m_306                                                      cstackBANK1  000164
main@f2_m                                                          cstackBANK1  000132
main@f2_m_308                                                      cstackBANK1  000196
main@i                                                             cstackBANK1  0001C8
print_message_onLCD@i                                              cstackCOMRAM 00001C
print_message_onLCD@message                                        cstackCOMRAM 000017
print_message_onLCD@place                                          cstackCOMRAM 000019
sprintf@ap                                                         cstackCOMRAM 00002C
sprintf@c                                                          cstackCOMRAM 000032
sprintf@f                                                          cstackCOMRAM 000027
sprintf@flag                                                       cstackCOMRAM 00002E
sprintf@prec                                                       cstackCOMRAM 00002F
sprintf@sp                                                         cstackCOMRAM 000025
sprintf@val                                                        cstackCOMRAM 000030
stackhi                                                            (abs)        0005FF
stacklo                                                            (abs)        0001D0
start                                                              init         0000BC
start_initialization                                               cinit        000EB8
strlen@cp                                                          cstackCOMRAM 000015
strlen@s                                                           cstackCOMRAM 000013
transmit@i                                                         cstackCOMRAM 00001B
transmit@response                                                  cstackCOMRAM 000017
ttemp5                                                             temp         000034
ttemp6                                                             temp         000037
ttemp7                                                             temp         00003B
wtemp8                                                             temp         000034


FUNCTION INFORMATION:

 *************** function _main *****************
 Defined at:
		line 40 in file "main.c"
 Parameters:    Size  Location     Type
		None
 Auto vars:     Size  Location     Type
  i               1  200[BANK1 ] unsigned char 
  f2_m           50  150[BANK1 ] unsigned char [50]
  f1_m           50  100[BANK1 ] unsigned char [50]
  f2_m           50   50[BANK1 ] unsigned char [50]
  f1_m           50    0[BANK1 ] unsigned char [50]
 Return value:  Size  Location     Type
                  1    wreg      void 
 Registers used:
		wreg, fsr0l, fsr0h, fsr2l, fsr2h, status,2, status,0, tblptrl, tblptrh, tblptru, prodl, prodh, cstack
 Tracked objects:
		On entry : 
		On exit  : 
		Unchanged: 
 Data sizes:     COMRAM   BANK0   BANK1   BANK2   BANK3   BANK4   BANK5
      Params:         0       0       0       0       0       0       0
      Locals:         0       0     201       0       0       0       0
      Temps:          0       0       0       0       0       0       0
      Totals:         0       0     201       0       0       0       0
Total ram usage:      201 bytes
 Hardware stack levels required when called:    5
 This function calls:
		_PWM1
		_PWM2
		_PWM_config
		_atoi
		_init_LCD
		_initial_config
		_print_message_onLCD
		_serial_transmi_init_config
		_sprintf
		_transmit
 This function is called by:
		Startup code after reset
 This function uses a non-reentrant model


 *************** function _transmit *****************
 Defined at:
		line 207 in file "main.c"
 Parameters:    Size  Location     Type
  response        2   22[COMRAM] PTR unsigned char 
		 -> STR_12(29), STR_9(25), STR_8(49), STR_4(3), 
		 -> STR_3(21), STR_2(15), STR_1(15), 
 Auto vars:     Size  Location     Type
  i               1   26[COMRAM] unsigned char 
 Return value:  Size  Location     Type
                  1    wreg      void 
 Registers used:
		wreg, fsr0l, fsr0h, status,2, status,0, tblptrl, tblptrh, tblptru, cstack
 Tracked objects:
		On entry : 
		On exit  : 
		Unchanged: 
 Data sizes:     COMRAM   BANK0   BANK1   BANK2   BANK3   BANK4   BANK5
      Params:         2       0       0       0       0       0       0
      Locals:         1       0       0       0       0       0       0
      Temps:          2       0       0       0       0       0       0
      Totals:         5       0       0       0       0       0       0
Total ram usage:        5 bytes
 Hardware stack levels used:    1
 Hardware stack levels required when called:    4
 This function calls:
		_strlen
 This function is called by:
		_main
 This function uses a non-reentrant model


 *************** function _sprintf *****************
 Defined at:
		line 500 in file "C:\Program Files (x86)\Microchip\xc8\v2.05\pic\sources\c90\common\doprnt.c"
 Parameters:    Size  Location     Type
  sp              2   36[COMRAM] PTR unsigned char 
		 -> main@f2_m_308(50), main@f1_m_306(50), main@f2_m(50), main@f1_m(50), 
  f               2   38[COMRAM] PTR const unsigned char 
		 -> STR_11(11), STR_10(10), STR_7(11), STR_6(10), 
 Auto vars:     Size  Location     Type
  tmpval          4    0        struct .
  cp              3    0        PTR const unsigned char 
  val             2   47[COMRAM] unsigned int 
  ap              2   43[COMRAM] PTR void [1]
		 -> ?_sprintf(2), 
  len             2    0        unsigned int 
  c               1   49[COMRAM] unsigned char 
  prec            1   46[COMRAM] char 
  flag            1   45[COMRAM] unsigned char 
 Return value:  Size  Location     Type
                  2   36[COMRAM] int 
 Registers used:
		wreg, fsr2l, fsr2h, status,2, status,0, tblptrl, tblptrh, tblptru, prodl, prodh, cstack
 Tracked objects:
		On entry : 
		On exit  : 
		Unchanged: 
 Data sizes:     COMRAM   BANK0   BANK1   BANK2   BANK3   BANK4   BANK5
      Params:         6       0       0       0       0       0       0
      Locals:         7       0       0       0       0       0       0
      Temps:          1       0       0       0       0       0       0
      Totals:        14       0       0       0       0       0       0
Total ram usage:       14 bytes
 Hardware stack levels used:    1
 Hardware stack levels required when called:    4
 This function calls:
		___lwdiv
		___lwmod
 This function is called by:
		_main
 This function uses a non-reentrant model


 *************** function ___lwmod *****************
 Defined at:
		line 7 in file "C:\Program Files (x86)\Microchip\xc8\v2.05\pic\sources\c90\common\lwmod.c"
 Parameters:    Size  Location     Type
  dividend        2   31[COMRAM] unsigned int 
  divisor         2   33[COMRAM] unsigned int 
 Auto vars:     Size  Location     Type
  counter         1   35[COMRAM] unsigned char 
 Return value:  Size  Location     Type
                  2   31[COMRAM] unsigned int 
 Registers used:
		wreg, status,2, status,0
 Tracked objects:
		On entry : 
		On exit  : 
		Unchanged: 
 Data sizes:     COMRAM   BANK0   BANK1   BANK2   BANK3   BANK4   BANK5
      Params:         4       0       0       0       0       0       0
      Locals:         1       0       0       0       0       0       0
      Temps:          0       0       0       0       0       0       0
      Totals:         5       0       0       0       0       0       0
Total ram usage:        5 bytes
 Hardware stack levels used:    1
 Hardware stack levels required when called:    3
 This function calls:
		Nothing
 This function is called by:
		_sprintf
 This function uses a non-reentrant model


 *************** function _serial_transmi_init_config *****************
 Defined at:
		line 115 in file "main.c"
 Parameters:    Size  Location     Type
		None
 Auto vars:     Size  Location     Type
		None
 Return value:  Size  Location     Type
                  1    wreg      void 
 Registers used:
		wreg, status,2
 Tracked objects:
		On entry : 
		On exit  : 
		Unchanged: 
 Data sizes:     COMRAM   BANK0   BANK1   BANK2   BANK3   BANK4   BANK5
      Params:         0       0       0       0       0       0       0
      Locals:         0       0       0       0       0       0       0
      Temps:          0       0       0       0       0       0       0
      Totals:         0       0       0       0       0       0       0
Total ram usage:        0 bytes
 Hardware stack levels used:    1
 Hardware stack levels required when called:    3
 This function calls:
		Nothing
 This function is called by:
		_main
 This function uses a non-reentrant model


 *************** function _print_message_onLCD *****************
 Defined at:
		line 177 in file "main.c"
 Parameters:    Size  Location     Type
  message         2   22[COMRAM] PTR unsigned char 
		 -> main@f2_m_308(50), main@f1_m_306(50), main@f2_m(50), main@f1_m(50), 
		 -> STR_5(13), 
  place           1   24[COMRAM] unsigned char 
 Auto vars:     Size  Location     Type
  i               1   27[COMRAM] unsigned char 
 Return value:  Size  Location     Type
                  1    wreg      void 
 Registers used:
		wreg, fsr0l, fsr0h, status,2, status,0, tblptrl, tblptrh, tblptru, cstack
 Tracked objects:
		On entry : 
		On exit  : 
		Unchanged: 
 Data sizes:     COMRAM   BANK0   BANK1   BANK2   BANK3   BANK4   BANK5
      Params:         3       0       0       0       0       0       0
      Locals:         1       0       0       0       0       0       0
      Temps:          2       0       0       0       0       0       0
      Totals:         6       0       0       0       0       0       0
Total ram usage:        6 bytes
 Hardware stack levels used:    1
 Hardware stack levels required when called:    4
 This function calls:
		_R_D
		_R_I
		_strlen
 This function is called by:
		_main
 This function uses a non-reentrant model


 *************** function _strlen *****************
 Defined at:
		line 4 in file "C:\Program Files (x86)\Microchip\xc8\v2.05\pic\sources\c90\common\strlen.c"
 Parameters:    Size  Location     Type
  s               2   18[COMRAM] PTR const unsigned char 
		 -> STR_12(29), main@f2_m_308(50), main@f1_m_306(50), STR_9(25), 
		 -> STR_8(49), cu(3), main@f2_m(50), main@f1_m(50), 
		 -> STR_5(13), STR_4(3), STR_3(21), STR_2(15), 
		 -> STR_1(15), 
 Auto vars:     Size  Location     Type
  cp              2   20[COMRAM] PTR const unsigned char 
		 -> STR_12(29), main@f2_m_308(50), main@f1_m_306(50), STR_9(25), 
		 -> STR_8(49), cu(3), main@f2_m(50), main@f1_m(50), 
		 -> STR_5(13), STR_4(3), STR_3(21), STR_2(15), 
		 -> STR_1(15), 
 Return value:  Size  Location     Type
                  2   18[COMRAM] unsigned int 
 Registers used:
		wreg, fsr0l, fsr0h, status,2, status,0, tblptrl, tblptrh, tblptru
 Tracked objects:
		On entry : 
		On exit  : 
		Unchanged: 
 Data sizes:     COMRAM   BANK0   BANK1   BANK2   BANK3   BANK4   BANK5
      Params:         2       0       0       0       0       0       0
      Locals:         2       0       0       0       0       0       0
      Temps:          0       0       0       0       0       0       0
      Totals:         4       0       0       0       0       0       0
Total ram usage:        4 bytes
 Hardware stack levels used:    1
 Hardware stack levels required when called:    3
 This function calls:
		Nothing
 This function is called by:
		_print_message_onLCD
		_transmit
 This function uses a non-reentrant model


 *************** function _R_D *****************
 Defined at:
		line 168 in file "main.c"
 Parameters:    Size  Location     Type
  dato            1    wreg     unsigned char 
 Auto vars:     Size  Location     Type
  dato            1   18[COMRAM] unsigned char 
 Return value:  Size  Location     Type
                  1    wreg      void 
 Registers used:
		wreg, status,2, cstack
 Tracked objects:
		On entry : 
		On exit  : 
		Unchanged: 
 Data sizes:     COMRAM   BANK0   BANK1   BANK2   BANK3   BANK4   BANK5
      Params:         0       0       0       0       0       0       0
      Locals:         1       0       0       0       0       0       0
      Temps:          0       0       0       0       0       0       0
      Totals:         1       0       0       0       0       0       0
Total ram usage:        1 bytes
 Hardware stack levels used:    1
 Hardware stack levels required when called:    3
 This function calls:
		Nothing
 This function is called by:
		_print_message_onLCD
 This function uses a non-reentrant model


 *************** function _initial_config *****************
 Defined at:
		line 99 in file "main.c"
 Parameters:    Size  Location     Type
		None
 Auto vars:     Size  Location     Type
		None
 Return value:  Size  Location     Type
                  1    wreg      void 
 Registers used:
		wreg, status,2
 Tracked objects:
		On entry : 
		On exit  : 
		Unchanged: 
 Data sizes:     COMRAM   BANK0   BANK1   BANK2   BANK3   BANK4   BANK5
      Params:         0       0       0       0       0       0       0
      Locals:         0       0       0       0       0       0       0
      Temps:          0       0       0       0       0       0       0
      Totals:         0       0       0       0       0       0       0
Total ram usage:        0 bytes
 Hardware stack levels used:    1
 Hardware stack levels required when called:    3
 This function calls:
		Nothing
 This function is called by:
		_main
 This function uses a non-reentrant model


 *************** function _init_LCD *****************
 Defined at:
		line 147 in file "main.c"
 Parameters:    Size  Location     Type
		None
 Auto vars:     Size  Location     Type
		None
 Return value:  Size  Location     Type
                  1    wreg      void 
 Registers used:
		wreg, status,2, cstack
 Tracked objects:
		On entry : 
		On exit  : 
		Unchanged: 
 Data sizes:     COMRAM   BANK0   BANK1   BANK2   BANK3   BANK4   BANK5
      Params:         0       0       0       0       0       0       0
      Locals:         0       0       0       0       0       0       0
      Temps:          1       0       0       0       0       0       0
      Totals:         1       0       0       0       0       0       0
Total ram usage:        1 bytes
 Hardware stack levels used:    1
 Hardware stack levels required when called:    4
 This function calls:
		_R_I
 This function is called by:
		_main
 This function uses a non-reentrant model


 *************** function _R_I *****************
 Defined at:
		line 159 in file "main.c"
 Parameters:    Size  Location     Type
  dato            1    wreg     unsigned char 
 Auto vars:     Size  Location     Type
  dato            1   18[COMRAM] unsigned char 
 Return value:  Size  Location     Type
                  1    wreg      void 
 Registers used:
		wreg, status,2, cstack
 Tracked objects:
		On entry : 
		On exit  : 
		Unchanged: 
 Data sizes:     COMRAM   BANK0   BANK1   BANK2   BANK3   BANK4   BANK5
      Params:         0       0       0       0       0       0       0
      Locals:         1       0       0       0       0       0       0
      Temps:          0       0       0       0       0       0       0
      Totals:         1       0       0       0       0       0       0
Total ram usage:        1 bytes
 Hardware stack levels used:    1
 Hardware stack levels required when called:    3
 This function calls:
		Nothing
 This function is called by:
		_init_LCD
		_print_message_onLCD
 This function uses a non-reentrant model


 *************** function _atoi *****************
 Defined at:
		line 5 in file "C:\Program Files (x86)\Microchip\xc8\v2.05\pic\sources\c90\common\atoi.c"
 Parameters:    Size  Location     Type
  s               2   24[COMRAM] PTR const unsigned char 
		 -> cu(3), 
 Auto vars:     Size  Location     Type
  a               2   29[COMRAM] int 
  sign            1   28[COMRAM] unsigned char 
 Return value:  Size  Location     Type
                  2   24[COMRAM] int 
 Registers used:
		wreg, fsr2l, fsr2h, status,2, status,0, prodl, prodh, cstack
 Tracked objects:
		On entry : 
		On exit  : 
		Unchanged: 
 Data sizes:     COMRAM   BANK0   BANK1   BANK2   BANK3   BANK4   BANK5
      Params:         2       0       0       0       0       0       0
      Locals:         3       0       0       0       0       0       0
      Temps:          2       0       0       0       0       0       0
      Totals:         7       0       0       0       0       0       0
Total ram usage:        7 bytes
 Hardware stack levels used:    1
 Hardware stack levels required when called:    4
 This function calls:
		___wmul
		_isdigit
 This function is called by:
		_main
 This function uses a non-reentrant model


 *************** function _isdigit *****************
 Defined at:
		line 8 in file "C:\Program Files (x86)\Microchip\xc8\v2.05\pic\sources\c90\common\isdigit.c"
 Parameters:    Size  Location     Type
  c               1    wreg     unsigned char 
 Auto vars:     Size  Location     Type
  c               1   20[COMRAM] unsigned char 
 Return value:  Size  Location     Type
		None               void
 Registers used:
		wreg, status,2, status,0
 Tracked objects:
		On entry : 
		On exit  : 
		Unchanged: 
 Data sizes:     COMRAM   BANK0   BANK1   BANK2   BANK3   BANK4   BANK5
      Params:         0       0       0       0       0       0       0
      Locals:         2       0       0       0       0       0       0
      Temps:          1       0       0       0       0       0       0
      Totals:         3       0       0       0       0       0       0
Total ram usage:        3 bytes
 Hardware stack levels used:    1
 Hardware stack levels required when called:    3
 This function calls:
		Nothing
 This function is called by:
		_atoi
 This function uses a non-reentrant model


 *************** function _PWM_config *****************
 Defined at:
		line 126 in file "main.c"
 Parameters:    Size  Location     Type
		None
 Auto vars:     Size  Location     Type
		None
 Return value:  Size  Location     Type
                  1    wreg      void 
 Registers used:
		wreg, status,2
 Tracked objects:
		On entry : 
		On exit  : 
		Unchanged: 
 Data sizes:     COMRAM   BANK0   BANK1   BANK2   BANK3   BANK4   BANK5
      Params:         0       0       0       0       0       0       0
      Locals:         0       0       0       0       0       0       0
      Temps:          0       0       0       0       0       0       0
      Totals:         0       0       0       0       0       0       0
Total ram usage:        0 bytes
 Hardware stack levels used:    1
 Hardware stack levels required when called:    3
 This function calls:
		Nothing
 This function is called by:
		_main
 This function uses a non-reentrant model


 *************** function _PWM2 *****************
 Defined at:
		line 249 in file "main.c"
 Parameters:    Size  Location     Type
  ciclo_util      2   31[COMRAM] unsigned int 
 Auto vars:     Size  Location     Type
  t_alto          2   35[COMRAM] unsigned int 
 Return value:  Size  Location     Type
                  1    wreg      void 
 Registers used:
		wreg, status,2, status,0, prodl, prodh, cstack
 Tracked objects:
		On entry : 
		On exit  : 
		Unchanged: 
 Data sizes:     COMRAM   BANK0   BANK1   BANK2   BANK3   BANK4   BANK5
      Params:         2       0       0       0       0       0       0
      Locals:         2       0       0       0       0       0       0
      Temps:          2       0       0       0       0       0       0
      Totals:         6       0       0       0       0       0       0
Total ram usage:        6 bytes
 Hardware stack levels used:    1
 Hardware stack levels required when called:    4
 This function calls:
		___lwdiv
		___wmul
 This function is called by:
		_main
 This function uses a non-reentrant model


 *************** function _PWM1 *****************
 Defined at:
		line 217 in file "main.c"
 Parameters:    Size  Location     Type
  ciclo_util      2   31[COMRAM] unsigned int 
 Auto vars:     Size  Location     Type
  t_alto          2   35[COMRAM] unsigned int 
 Return value:  Size  Location     Type
                  1    wreg      void 
 Registers used:
		wreg, status,2, status,0, prodl, prodh, cstack
 Tracked objects:
		On entry : 
		On exit  : 
		Unchanged: 
 Data sizes:     COMRAM   BANK0   BANK1   BANK2   BANK3   BANK4   BANK5
      Params:         2       0       0       0       0       0       0
      Locals:         2       0       0       0       0       0       0
      Temps:          2       0       0       0       0       0       0
      Totals:         6       0       0       0       0       0       0
Total ram usage:        6 bytes
 Hardware stack levels used:    1
 Hardware stack levels required when called:    4
 This function calls:
		___lwdiv
		___wmul
 This function is called by:
		_main
 This function uses a non-reentrant model


 *************** function ___wmul *****************
 Defined at:
		line 15 in file "C:\Program Files (x86)\Microchip\xc8\v2.05\pic\sources\c90\common\Umul16.c"
 Parameters:    Size  Location     Type
  multiplier      2   18[COMRAM] unsigned int 
  multiplicand    2   20[COMRAM] unsigned int 
 Auto vars:     Size  Location     Type
  product         2   22[COMRAM] unsigned int 
 Return value:  Size  Location     Type
                  2   18[COMRAM] unsigned int 
 Registers used:
		wreg, status,2, status,0, prodl, prodh
 Tracked objects:
		On entry : 
		On exit  : 
		Unchanged: 
 Data sizes:     COMRAM   BANK0   BANK1   BANK2   BANK3   BANK4   BANK5
      Params:         4       0       0       0       0       0       0
      Locals:         2       0       0       0       0       0       0
      Temps:          0       0       0       0       0       0       0
      Totals:         6       0       0       0       0       0       0
Total ram usage:        6 bytes
 Hardware stack levels used:    1
 Hardware stack levels required when called:    3
 This function calls:
		Nothing
 This function is called by:
		_PWM1
		_PWM2
		_atoi
 This function uses a non-reentrant model


 *************** function ___lwdiv *****************
 Defined at:
		line 7 in file "C:\Program Files (x86)\Microchip\xc8\v2.05\pic\sources\c90\common\lwdiv.c"
 Parameters:    Size  Location     Type
  dividend        2   24[COMRAM] unsigned int 
  divisor         2   26[COMRAM] unsigned int 
 Auto vars:     Size  Location     Type
  quotient        2   28[COMRAM] unsigned int 
  counter         1   30[COMRAM] unsigned char 
 Return value:  Size  Location     Type
                  2   24[COMRAM] unsigned int 
 Registers used:
		wreg, status,2, status,0
 Tracked objects:
		On entry : 
		On exit  : 
		Unchanged: 
 Data sizes:     COMRAM   BANK0   BANK1   BANK2   BANK3   BANK4   BANK5
      Params:         4       0       0       0       0       0       0
      Locals:         3       0       0       0       0       0       0
      Temps:          0       0       0       0       0       0       0
      Totals:         7       0       0       0       0       0       0
Total ram usage:        7 bytes
 Hardware stack levels used:    1
 Hardware stack levels required when called:    3
 This function calls:
		Nothing
 This function is called by:
		_PWM1
		_PWM2
		_sprintf
 This function uses a non-reentrant model


 *************** function _capture *****************
 Defined at:
		line 186 in file "main.c"
 Parameters:    Size  Location     Type
		None
 Auto vars:     Size  Location     Type
  data_receive    1   17[COMRAM] unsigned char 
 Return value:  Size  Location     Type
                  1    wreg      void 
 Registers used:
		wreg, fsr0l, fsr0h, fsr2l, fsr2h, status,2, status,0, tblptrl, tblptrh, tblptru, cstack
 Tracked objects:
		On entry : 
		On exit  : 
		Unchanged: 
 Data sizes:     COMRAM   BANK0   BANK1   BANK2   BANK3   BANK4   BANK5
      Params:         0       0       0       0       0       0       0
      Locals:         1       0       0       0       0       0       0
      Temps:          8       0       0       0       0       0       0
      Totals:         9       0       0       0       0       0       0
Total ram usage:        9 bytes
 Hardware stack levels used:    1
 Hardware stack levels required when called:    2
 This function calls:
		i2_isdigit
		i2_strlen
		i2_transmit
 This function is called by:
		Interrupt level 2
 This function uses a non-reentrant model


 *************** function i2_transmit *****************
 Defined at:
		line 207 in file "main.c"
 Parameters:    Size  Location     Type
  response        2    4[COMRAM] PTR unsigned char 
		 -> STR_12(29), STR_9(25), STR_8(49), STR_4(3), 
		 -> STR_3(21), STR_2(15), STR_1(15), 
 Auto vars:     Size  Location     Type
  transmit        1    8[COMRAM] unsigned char 
 Return value:  Size  Location     Type
                  1    wreg      void 
 Registers used:
		wreg, fsr0l, fsr0h, status,2, status,0, tblptrl, tblptrh, tblptru, cstack
 Tracked objects:
		On entry : 
		On exit  : 
		Unchanged: 
 Data sizes:     COMRAM   BANK0   BANK1   BANK2   BANK3   BANK4   BANK5
      Params:         2       0       0       0       0       0       0
      Locals:         1       0       0       0       0       0       0
      Temps:          2       0       0       0       0       0       0
      Totals:         5       0       0       0       0       0       0
Total ram usage:        5 bytes
 Hardware stack levels used:    1
 Hardware stack levels required when called:    1
 This function calls:
		i2_strlen
 This function is called by:
		_capture
 This function uses a non-reentrant model


 *************** function i2_strlen *****************
 Defined at:
		line 4 in file "C:\Program Files (x86)\Microchip\xc8\v2.05\pic\sources\c90\common\strlen.c"
 Parameters:    Size  Location     Type
  s               2    0[COMRAM] PTR const unsigned char 
		 -> STR_12(29), main@f2_m_308(50), main@f1_m_306(50), STR_9(25), 
		 -> STR_8(49), cu(3), main@f2_m(50), main@f1_m(50), 
		 -> STR_5(13), STR_4(3), STR_3(21), STR_2(15), 
		 -> STR_1(15), 
 Auto vars:     Size  Location     Type
  strlen          2    2[COMRAM] PTR const unsigned char 
		 -> STR_12(29), main@f2_m_308(50), main@f1_m_306(50), STR_9(25), 
		 -> STR_8(49), cu(3), main@f2_m(50), main@f1_m(50), 
		 -> STR_5(13), STR_4(3), STR_3(21), STR_2(15), 
		 -> STR_1(15), 
 Return value:  Size  Location     Type
                  2    0[COMRAM] unsigned int 
 Registers used:
		wreg, fsr0l, fsr0h, status,2, status,0, tblptrl, tblptrh, tblptru
 Tracked objects:
		On entry : 
		On exit  : 
		Unchanged: 
 Data sizes:     COMRAM   BANK0   BANK1   BANK2   BANK3   BANK4   BANK5
      Params:         2       0       0       0       0       0       0
      Locals:         2       0       0       0       0       0       0
      Temps:          0       0       0       0       0       0       0
      Totals:         4       0       0       0       0       0       0
Total ram usage:        4 bytes
 Hardware stack levels used:    1
 This function calls:
		Nothing
 This function is called by:
		_capture
		i2_transmit
 This function uses a non-reentrant model


 *************** function i2_isdigit *****************
 Defined at:
		line 8 in file "C:\Program Files (x86)\Microchip\xc8\v2.05\pic\sources\c90\common\isdigit.c"
 Parameters:    Size  Location     Type
  c               1    wreg     unsigned char 
 Auto vars:     Size  Location     Type
  c               1    1[COMRAM] unsigned char 
 Return value:  Size  Location     Type
		None               void
 Registers used:
		wreg, status,2, status,0
 Tracked objects:
		On entry : 
		On exit  : 
		Unchanged: 
 Data sizes:     COMRAM   BANK0   BANK1   BANK2   BANK3   BANK4   BANK5
      Params:         0       0       0       0       0       0       0
      Locals:         2       0       0       0       0       0       0
      Temps:          1       0       0       0       0       0       0
      Totals:         3       0       0       0       0       0       0
Total ram usage:        3 bytes
 Hardware stack levels used:    1
 This function calls:
		Nothing
 This function is called by:
		_capture
 This function uses a non-reentrant model



MODULE INFORMATION

Module		Function		Class		Link	Load	Size
C:\Program Files (x86)\Microchip\xc8\v2.05\pic\sources\c90\common\isdigit.c
		_isdigit       		CODE           	0F38	0000	37

C:\Program Files (x86)\Microchip\xc8\v2.05\pic\sources\c90\common\isdigit.c estimated size: 37

C:\Program Files (x86)\Microchip\xc8\v2.05\pic\sources\c90\common\doprnt.c
		_sprintf       		CODE           	08C2	0000	367

C:\Program Files (x86)\Microchip\xc8\v2.05\pic\sources\c90\common\doprnt.c estimated size: 367

C:\Program Files (x86)\Microchip\xc8\v2.05\pic\sources\c90\common\lwdiv.c
		___lwdiv       		CODE           	0C74	0000	97

C:\Program Files (x86)\Microchip\xc8\v2.05\pic\sources\c90\common\lwdiv.c estimated size: 97

C:\Program Files (x86)\Microchip\xc8\v2.05\pic\sources\c90\common\Umul16.c
		___wmul        		CODE           	0EEA	0000	43

C:\Program Files (x86)\Microchip\xc8\v2.05\pic\sources\c90\common\Umul16.c estimated size: 43

shared
		i2_transmit    		CODE           	0D7E	0000	83
		_dpowers       		SMALLCONST     	0601	0000	11
		i2_isdigit     		CODE           	0F5C	0000	37
		__initialization		CODE           	0EB8	0000	37
		i2_strlen      		CODE           	0E6C	0000	77

shared estimated size: 245

C:\Program Files (x86)\Microchip\xc8\v2.05\pic\sources\c90\common\strlen.c
		_strlen        		CODE           	0E20	0000	77

C:\Program Files (x86)\Microchip\xc8\v2.05\pic\sources\c90\common\strlen.c estimated size: 77

main.c
		_initial_config		CODE           	0F80	0000	31
		_R_I           		CODE           	0FD8	0000	29
		_PWM_config    		CODE           	0F9E	0000	31
		_serial_transmi_init_config		CODE           	0F14	0000	37
		_main          		CODE           	06C8	0000	507
		_PWM1          		CODE           	0B8A	0000	121
		_PWM2          		CODE           	0B12	0000	121
		_init_LCD      		CODE           	0CD4	0000	89
		_print_message_onLCD		CODE           	0C02	0000	115
		_capture       		CODE           	0008	0000	181
		_transmit      		CODE           	0D2C	0000	83
		_R_D           		CODE           	0FBC	0000	29

main.c estimated size: 1374

C:\Program Files (x86)\Microchip\xc8\v2.05\pic\sources\c90\common\atoi.c
		_atoi          		CODE           	0A30	0000	227

C:\Program Files (x86)\Microchip\xc8\v2.05\pic\sources\c90\common\atoi.c estimated size: 227

C:\Program Files (x86)\Microchip\xc8\v2.05\pic\sources\c90\common\lwmod.c
		___lwmod       		CODE           	0DD0	0000	81

C:\Program Files (x86)\Microchip\xc8\v2.05\pic\sources\c90\common\lwmod.c estimated size: 81

